MO relojes NULL relojes.v vlg10/relojes.bin 1410049340
MO zxuno NULL zxuno.v vlg74/zxuno.bin 1410049340
MO dp_memory NULL dp_memory.v vlg54/dp__memory.bin 1410049340
MO pal_sync_generator_progressive NULL pal_sync_generator_progressive.v vlg77/pal__sync__generator__progressive.bin 1410049340
MO tld_zxuno NULL tld_zxuno.v vlg13/tld__zxuno.bin 1410049340
