CALL_INT_HANDLER		= 008E, L: SMS_CRT0
CLEANUP				= 0128, G: SMS_CRT0
CONSOLE_CLEAR_LOOP1		= 0A27, L: CONSOLE
CONSOLE_CLEAR_LOOP2		= 0A29, L: CONSOLE
DEBUG_PUTC_WAIT			= 0CE7, L: DEBUG
DEFAULTINITIALISEVDP		= 012C, L: SMS_CRT0
ENDLOOP				= 0129, L: SMS_CRT0
ENTRY				= 20BA, L: L_DIV_U
FILLER1				= 0020, L: SMS_CRT0
FILLER2				= 0055, L: SMS_CRT0
FILLER3				= 008F, L: SMS_CRT0
INT_DONE			= 0087, L: SMS_CRT0
INT_HANDLER			= 0073, L: SMS_CRT0
INT_LOOP			= 0076, L: SMS_CRT0
INT_NOT_VBL			= 0042, L: SMS_CRT0
INT_PAUSE			= 0066, L: SMS_CRT0
INT_RASTER			= 0038, L: SMS_CRT0
INT_VBL				= 0045, L: SMS_CRT0
I_1				= 1FA9, L: FAT
I_1				= 15B8, L: SD
I_1				= 0883, L: MAIN
I_10				= 0FE7, L: SD
I_10				= 0D46, L: DEBUG
I_10				= 0AFF, L: CONSOLE
I_10				= 0255, L: MAIN
I_11				= 1191, L: SD
I_11				= 0D7C, L: DEBUG
I_11				= 0B35, L: CONSOLE
I_11				= 0246, L: MAIN
I_12				= 172E, L: FAT
I_12				= 12BC, L: SD
I_12				= 0D91, L: DEBUG
I_12				= 0B6B, L: CONSOLE
I_12				= 0255, L: MAIN
I_13				= 16F0, L: FAT
I_13				= 12D9, L: SD
I_13				= 0B80, L: CONSOLE
I_13				= 028C, L: MAIN
I_14				= 16FE, L: FAT
I_14				= 12C1, L: SD
I_14				= 0294, L: MAIN
I_15				= 170F, L: FAT
I_15				= 1300, L: SD
I_15				= 02A9, L: MAIN
I_16				= 1720, L: FAT
I_16				= 1334, L: SD
I_16				= 0356, L: MAIN
I_17				= 176A, L: FAT
I_17				= 1321, L: SD
I_17				= 02A9, L: MAIN
I_18				= 1792, L: FAT
I_18				= 1399, L: SD
I_18				= 02CB, L: MAIN
I_19				= 1784, L: FAT
I_19				= 134B, L: SD
I_19				= 02D3, L: MAIN
I_20				= 1386, L: SD
I_20				= 02FB, L: MAIN
I_21				= 17BA, L: FAT
I_21				= 1373, L: SD
I_21				= 0303, L: MAIN
I_22				= 17AC, L: FAT
I_22				= 1396, L: SD
I_23				= 1407, L: SD
I_23				= 0352, L: MAIN
I_24				= 1806, L: FAT
I_24				= 13F7, L: SD
I_24				= 0308, L: MAIN
I_25				= 1809, L: FAT
I_25				= 13B9, L: SD
I_25				= 0320, L: MAIN
I_26				= 184D, L: FAT
I_26				= 13F4, L: SD
I_26				= 032A, L: MAIN
I_27				= 1879, L: FAT
I_27				= 13E1, L: SD
I_27				= 0334, L: MAIN
I_28				= 1852, L: FAT
I_28				= 1407, L: SD
I_28				= 0334, L: MAIN
I_29				= 18CB, L: FAT
I_29				= 1550, L: SD
I_29				= 034C, L: MAIN
I_3				= 0F4D, L: SD
I_3				= 0CF7, L: DEBUG
I_30				= 18FA, L: FAT
I_30				= 155F, L: SD
I_30				= 0349, L: MAIN
I_31				= 18D0, L: FAT
I_31				= 1599, L: SD
I_31				= 034F, L: MAIN
I_32				= 1979, L: FAT
I_32				= 1582, L: SD
I_32				= 037F, L: MAIN
I_33				= 19A8, L: FAT
I_33				= 0393, L: MAIN
I_34				= 1A14, L: FAT
I_34				= 04EB, L: MAIN
I_35				= 1A20, L: FAT
I_35				= 0393, L: MAIN
I_36				= 1A41, L: FAT
I_37				= 1A71, L: FAT
I_37				= 04E7, L: MAIN
I_38				= 1A99, L: FAT
I_38				= 03AC, L: MAIN
I_39				= 1ACA, L: FAT
I_39				= 03C4, L: MAIN
I_4				= 0F8C, L: SD
I_4				= 0D55, L: DEBUG
I_4				= 0ACB, L: CONSOLE
I_4				= 01BE, L: MAIN
I_40				= 1AED, L: FAT
I_40				= 040E, L: MAIN
I_41				= 1BD4, L: FAT
I_41				= 040E, L: MAIN
I_42				= 1BAB, L: FAT
I_42				= 0411, L: MAIN
I_43				= 1BD4, L: FAT
I_43				= 046C, L: MAIN
I_44				= 1C04, L: FAT
I_44				= 046C, L: MAIN
I_45				= 1C34, L: FAT
I_45				= 046F, L: MAIN
I_46				= 1C08, L: FAT
I_46				= 046F, L: MAIN
I_47				= 1C49, L: FAT
I_47				= 04D6, L: MAIN
I_48				= 1C5F, L: FAT
I_48				= 04B9, L: MAIN
I_49				= 1C96, L: FAT
I_49				= 04E7, L: MAIN
I_5				= 0F59, L: SD
I_5				= 0B44, L: CONSOLE
I_5				= 01E3, L: MAIN
I_50				= 1CD8, L: FAT
I_50				= 050D, L: MAIN
I_51				= 1C9F, L: FAT
I_51				= 0546, L: MAIN
I_52				= 1D35, L: FAT
I_52				= 051A, L: MAIN
I_53				= 1D47, L: FAT
I_53				= 0560, L: MAIN
I_54				= 1DBB, L: FAT
I_54				= 0599, L: MAIN
I_55				= 1D4C, L: FAT
I_55				= 056D, L: MAIN
I_56				= 1D74, L: FAT
I_56				= 05CB, L: MAIN
I_57				= 1DA8, L: FAT
I_57				= 0699, L: MAIN
I_58				= 1DFB, L: FAT
I_58				= 0603, L: MAIN
I_59				= 1E5B, L: FAT
I_59				= 063C, L: MAIN
I_6				= 0F89, L: SD
I_6				= 0D52, L: DEBUG
I_6				= 01C4, L: MAIN
I_60				= 1E00, L: FAT
I_60				= 0695, L: MAIN
I_61				= 1E33, L: FAT
I_61				= 065D, L: MAIN
I_62				= 1E46, L: FAT
I_62				= 0695, L: MAIN
I_63				= 1E5B, L: FAT
I_63				= 06F1, L: MAIN
I_64				= 1E5B, L: FAT
I_64				= 06FD, L: MAIN
I_65				= 1E9A, L: FAT
I_65				= 0705, L: MAIN
I_66				= 1E9A, L: FAT
I_66				= 0730, L: MAIN
I_67				= 1F5D, L: FAT
I_67				= 0709, L: MAIN
I_68				= 1F71, L: FAT
I_68				= 0744, L: MAIN
I_69				= 1EB2, L: FAT
I_69				= 0776, L: MAIN
I_7				= 16BE, L: FAT
I_7				= 0FAD, L: SD
I_7				= 0D1A, L: DEBUG
I_7				= 0B41, L: CONSOLE
I_7				= 01F7, L: MAIN
I_70				= 1ED6, L: FAT
I_70				= 0748, L: MAIN
I_71				= 1F2E, L: FAT
I_71				= 078F, L: MAIN
I_72				= 1EDB, L: FAT
I_72				= 079B, L: MAIN
I_73				= 1F06, L: FAT
I_73				= 07A5, L: MAIN
I_74				= 1F19, L: FAT
I_74				= 0837, L: MAIN
I_75				= 1F83, L: FAT
I_75				= 07A9, L: MAIN
I_76				= 1F5C, L: FAT
I_76				= 07F4, L: MAIN
I_77				= 1F71, L: FAT
I_77				= 07FC, L: MAIN
I_78				= 1FA4, L: FAT
I_78				= 082C, L: MAIN
I_79				= 1FA8, L: FAT
I_79				= 0834, L: MAIN
I_8				= 16E6, L: FAT
I_8				= 0FEA, L: SD
I_8				= 0D28, L: DEBUG
I_8				= 0AEE, L: CONSOLE
I_8				= 0261, L: MAIN
I_80				= 0842, L: MAIN
I_81				= 0880, L: MAIN
I_82				= 0877, L: MAIN
I_83				= 087D, L: MAIN
I_9				= 16D8, L: FAT
I_9				= 0FB9, L: SD
I_9				= 0D2B, L: DEBUG
I_9				= 0AFC, L: CONSOLE
I_9				= 022A, L: MAIN
LOAD_DATA_LOOP			= 1426, L: SD
LOAD_DATA_WAIT			= 142A, L: SD
LOOP				= 219D, L: L_LONG_ASLO
LOOP				= 2135, L: L_LONG_ASRO
L_AND				= 2091, G: L_AND
L_ASL				= 21A5, G: L_ASL
L_ASL1				= 21A6, L: L_ASL
L_ASR				= 2177, G: L_ASR
L_ASR1				= 2178, L: L_ASR
L_CASE				= 2098, G: L_CASE
L_COM				= 20AF, G: L_COM
L_DCAL				= 012B, G: SMS_CRT0
L_DECLONG			= 21AC, G: L_DECLONG
L_DIV1				= 20C1, L: L_DIV_U
L_DIV2				= 20CB, L: L_DIV_U
L_DIV_U				= 20B6, G: L_DIV_U
L_EQ				= 20D5, G: L_EQ
L_GCHAR				= 20DC, G: L_GCHAR
L_GCHARSPSP			= 2181, G: L_GCHARSPSP
L_GINT				= 20E2, G: L_GINT
L_GINTSPSP			= 20E7, G: L_GINTSPSP
L_GLONG				= 20F0, G: L_GLONG
L_GT				= 20FA, G: L_GT
L_INCLONG			= 21B2, G: L_INCLONG
L_INT2LONG_S			= 2106, G: L_INT2LONG_S
L_LE				= 218B, G: L_LE
L_LNEG				= 210E, G: L_LNEG
L_LONG_ADD			= 2113, G: L_LONG_ADD
L_LONG_AND			= 211E, G: L_LONG_AND
L_LONG_ASLO			= 2199, G: L_LONG_ASLO
L_LONG_ASRO			= 2130, G: L_LONG_ASRO
L_LONG_EQ			= 21B8, G: L_LONG_EQ
L_LONG_MULT			= 21D7, G: L_LONG_MULT
L_LONG_MULT1			= 21E7, L: L_LONG_MULT
L_LONG_MULT2			= 21F7, L: L_LONG_MULT
L_LONG_OR			= 2208, G: L_LONG_OR
L_LT				= 2140, G: L_LT
L_NE				= 214C, G: L_NE
L_OR				= 221A, G: L_OR
L_PINT				= 2153, G: L_PINT
L_PLONG				= 2159, G: L_PLONG
L_SXT				= 2165, G: L_SXT
L_SXT				= 20DD, L: L_GCHAR
L_ULT				= 216A, G: L_ULT
L_XOR				= 2221, G: L_XOR
NOTEQUAL0			= 21D3, L: L_LONG_EQ
NOTEQUAL1			= 21D4, L: L_LONG_EQ
READ_JOYPAD1			= 2170, G: READ_JOYPAD1
SEND_BYTE_LOOP			= 0F12, L: SD
START				= 0100, L: SMS_CRT0
SWEND				= 20AE, L: L_CASE
SWLOOP				= 209A, L: L_CASE
_CHOOSE_MODE			= 0264, G: MAIN
_CLEAR_DIRECTORY_BUFFER		= 1BFD, G: FAT
_CONSOLE			= 09E6, G: CONSOLE
_CONSOLE_CLEAR			= 0A1C, G: CONSOLE
_CONSOLE_GOTOXY			= 0A3B, G: CONSOLE
_CONSOLE_INIT			= 09E8, G: CONSOLE
_CONSOLE_PRINT_BYTE		= 0B81, G: CONSOLE
_CONSOLE_PRINT_DIGIT		= 0B47, G: CONSOLE
_CONSOLE_PRINT_DWORD		= 0C0B, G: CONSOLE
_CONSOLE_PRINT_WORD		= 0BAD, G: CONSOLE
_CONSOLE_PUTC			= 0A03, G: CONSOLE
_CONSOLE_PUTS			= 0ABE, G: CONSOLE
_DATA				= 013A, L: SMS_CRT0
_DATA_BUFFER			= 1618, G: FAT
_DEBUG_PRINT_BYTE		= 0D92, G: DEBUG
_DEBUG_PRINT_DIGIT		= 0D58, G: DEBUG
_DEBUG_PRINT_DWORD		= 0E1C, G: DEBUG
_DEBUG_PRINT_WORD		= 0DBE, G: DEBUG
_DEBUG_PUTC			= 0CE7, G: DEBUG
_DEBUG_PUTS			= 0CF5, G: DEBUG
_DIRECTORY_BUFFER		= 161A, G: FAT
_END				= 014C, L: SMS_CRT0
_FAT				= 1614, G: FAT
_FAT_BUFFER			= 1616, G: FAT
_FAT_INIT			= 1686, G: FAT
_FAT_INIT16			= 1895, G: FAT
_FAT_INIT32			= 180F, G: FAT
_FAT_IS_LAST_CLUSTER		= 1A9C, G: FAT
_FAT_LOAD_FILE_SECTOR		= 1B21, G: FAT
_FAT_NEXT_CLUSTER		= 19F3, G: FAT
_FAT_OPEN_DIRECTORY		= 1E72, G: FAT
_FAT_OPEN_FILE			= 1AEE, G: FAT
_FAT_OPEN_ROOT_DIRECTORY	= 1F87, G: FAT
_FAT_OPEN_ROOT_DIRECTORY16	= 1DC0, G: FAT
_FAT_PROCESS_DIRECTORY_ENTRY	= 1C36, G: FAT
_FIRST_SECTOR_OF_CLUSTER	= 19C2, G: FAT
_IRQ_HANDLER			= 016C, G: MAIN
_LOAD_DATA			= 141B, G: SD
_LOAD_DATA_SECTOR		= 19AC, G: FAT
_LOAD_DWORD			= 161C, G: FAT
_LOAD_FAT_SECTOR		= 1943, G: FAT
_LOAD_ROM			= 04EF, G: MAIN
_LOAD_WORD			= 1669, G: FAT
_MAIN				= 016E, G: MAIN
_NMI_HANDLER			= 016D, G: MAIN
_PAL				= 014C, G: MAIN
_PICK_AND_LOAD_ROM		= 0358, G: MAIN
_PRINT_DIR			= 079E, G: MAIN
_PRINT_DIR_ENTRY		= 06B9, G: MAIN
_PROCESS_DIRECTORY_SECTOR	= 1D3A, G: FAT
_SD_ACMD41			= 1108, G: SD
_SD_CMD0			= 0FF5, G: SD
_SD_CMD58			= 1212, G: SD
_SD_CMD8			= 1077, G: SD
_SD_INIT			= 12A0, G: SD
_SD_LOAD_SECTOR			= 143A, G: SD
_SD_WAIT_R1			= 0F3A, G: SD
_SD_WAIT_READY			= 0F97, G: SD
_SPI_ASSERT_CS			= 0F04, G: SD
_SPI_DEASSERT_CS		= 0F0B, G: SD
_SPI_DELAY			= 0F24, G: SD
_SPI_RECEIVE_BYTE		= 0F31, G: SD
_SPI_SEND_BYTE			= 0F19, G: SD
_SPI_SET_SPEED			= 0EF8, G: SD
_SPI_WAIT			= 0F12, G: SD
_START_ROM			= 069F, G: MAIN
_VDP_SET_ADDRESS		= 09D2, G: CONSOLE
_VDP_WRITE			= 09DE, G: CONSOLE
_VFPRINTF			= 014C, G: SMS_CRT0
_WAIT_KEY			= 0839, G: MAIN


FILLER1				= 0020, L: SMS_CRT0
INT_RASTER			= 0038, L: SMS_CRT0
INT_NOT_VBL			= 0042, L: SMS_CRT0
INT_VBL				= 0045, L: SMS_CRT0
FILLER2				= 0055, L: SMS_CRT0
INT_PAUSE			= 0066, L: SMS_CRT0
INT_HANDLER			= 0073, L: SMS_CRT0
INT_LOOP			= 0076, L: SMS_CRT0
INT_DONE			= 0087, L: SMS_CRT0
CALL_INT_HANDLER		= 008E, L: SMS_CRT0
FILLER3				= 008F, L: SMS_CRT0
START				= 0100, L: SMS_CRT0
CLEANUP				= 0128, G: SMS_CRT0
ENDLOOP				= 0129, L: SMS_CRT0
L_DCAL				= 012B, G: SMS_CRT0
DEFAULTINITIALISEVDP		= 012C, L: SMS_CRT0
_DATA				= 013A, L: SMS_CRT0
_VFPRINTF			= 014C, G: SMS_CRT0
_PAL				= 014C, G: MAIN
_END				= 014C, L: SMS_CRT0
_IRQ_HANDLER			= 016C, G: MAIN
_NMI_HANDLER			= 016D, G: MAIN
_MAIN				= 016E, G: MAIN
I_4				= 01BE, L: MAIN
I_6				= 01C4, L: MAIN
I_5				= 01E3, L: MAIN
I_7				= 01F7, L: MAIN
I_9				= 022A, L: MAIN
I_11				= 0246, L: MAIN
I_12				= 0255, L: MAIN
I_10				= 0255, L: MAIN
I_8				= 0261, L: MAIN
_CHOOSE_MODE			= 0264, G: MAIN
I_13				= 028C, L: MAIN
I_14				= 0294, L: MAIN
I_15				= 02A9, L: MAIN
I_17				= 02A9, L: MAIN
I_18				= 02CB, L: MAIN
I_19				= 02D3, L: MAIN
I_20				= 02FB, L: MAIN
I_21				= 0303, L: MAIN
I_24				= 0308, L: MAIN
I_25				= 0320, L: MAIN
I_26				= 032A, L: MAIN
I_27				= 0334, L: MAIN
I_28				= 0334, L: MAIN
I_30				= 0349, L: MAIN
I_29				= 034C, L: MAIN
I_31				= 034F, L: MAIN
I_23				= 0352, L: MAIN
I_16				= 0356, L: MAIN
_PICK_AND_LOAD_ROM		= 0358, G: MAIN
I_32				= 037F, L: MAIN
I_35				= 0393, L: MAIN
I_33				= 0393, L: MAIN
I_38				= 03AC, L: MAIN
I_39				= 03C4, L: MAIN
I_41				= 040E, L: MAIN
I_40				= 040E, L: MAIN
I_42				= 0411, L: MAIN
I_43				= 046C, L: MAIN
I_44				= 046C, L: MAIN
I_46				= 046F, L: MAIN
I_45				= 046F, L: MAIN
I_48				= 04B9, L: MAIN
I_47				= 04D6, L: MAIN
I_49				= 04E7, L: MAIN
I_37				= 04E7, L: MAIN
I_34				= 04EB, L: MAIN
_LOAD_ROM			= 04EF, G: MAIN
I_50				= 050D, L: MAIN
I_52				= 051A, L: MAIN
I_51				= 0546, L: MAIN
I_53				= 0560, L: MAIN
I_55				= 056D, L: MAIN
I_54				= 0599, L: MAIN
I_56				= 05CB, L: MAIN
I_58				= 0603, L: MAIN
I_59				= 063C, L: MAIN
I_61				= 065D, L: MAIN
I_60				= 0695, L: MAIN
I_62				= 0695, L: MAIN
I_57				= 0699, L: MAIN
_START_ROM			= 069F, G: MAIN
_PRINT_DIR_ENTRY		= 06B9, G: MAIN
I_63				= 06F1, L: MAIN
I_64				= 06FD, L: MAIN
I_65				= 0705, L: MAIN
I_67				= 0709, L: MAIN
I_66				= 0730, L: MAIN
I_68				= 0744, L: MAIN
I_70				= 0748, L: MAIN
I_69				= 0776, L: MAIN
I_71				= 078F, L: MAIN
I_72				= 079B, L: MAIN
_PRINT_DIR			= 079E, G: MAIN
I_73				= 07A5, L: MAIN
I_75				= 07A9, L: MAIN
I_76				= 07F4, L: MAIN
I_77				= 07FC, L: MAIN
I_78				= 082C, L: MAIN
I_79				= 0834, L: MAIN
I_74				= 0837, L: MAIN
_WAIT_KEY			= 0839, G: MAIN
I_80				= 0842, L: MAIN
I_82				= 0877, L: MAIN
I_83				= 087D, L: MAIN
I_81				= 0880, L: MAIN
I_1				= 0883, L: MAIN
_VDP_SET_ADDRESS		= 09D2, G: CONSOLE
_VDP_WRITE			= 09DE, G: CONSOLE
_CONSOLE			= 09E6, G: CONSOLE
_CONSOLE_INIT			= 09E8, G: CONSOLE
_CONSOLE_PUTC			= 0A03, G: CONSOLE
_CONSOLE_CLEAR			= 0A1C, G: CONSOLE
CONSOLE_CLEAR_LOOP1		= 0A27, L: CONSOLE
CONSOLE_CLEAR_LOOP2		= 0A29, L: CONSOLE
_CONSOLE_GOTOXY			= 0A3B, G: CONSOLE
_CONSOLE_PUTS			= 0ABE, G: CONSOLE
I_4				= 0ACB, L: CONSOLE
I_8				= 0AEE, L: CONSOLE
I_9				= 0AFC, L: CONSOLE
I_10				= 0AFF, L: CONSOLE
I_11				= 0B35, L: CONSOLE
I_7				= 0B41, L: CONSOLE
I_5				= 0B44, L: CONSOLE
_CONSOLE_PRINT_DIGIT		= 0B47, G: CONSOLE
I_12				= 0B6B, L: CONSOLE
I_13				= 0B80, L: CONSOLE
_CONSOLE_PRINT_BYTE		= 0B81, G: CONSOLE
_CONSOLE_PRINT_WORD		= 0BAD, G: CONSOLE
_CONSOLE_PRINT_DWORD		= 0C0B, G: CONSOLE
_DEBUG_PUTC			= 0CE7, G: DEBUG
DEBUG_PUTC_WAIT			= 0CE7, L: DEBUG
_DEBUG_PUTS			= 0CF5, G: DEBUG
I_3				= 0CF7, L: DEBUG
I_7				= 0D1A, L: DEBUG
I_8				= 0D28, L: DEBUG
I_9				= 0D2B, L: DEBUG
I_10				= 0D46, L: DEBUG
I_6				= 0D52, L: DEBUG
I_4				= 0D55, L: DEBUG
_DEBUG_PRINT_DIGIT		= 0D58, G: DEBUG
I_11				= 0D7C, L: DEBUG
I_12				= 0D91, L: DEBUG
_DEBUG_PRINT_BYTE		= 0D92, G: DEBUG
_DEBUG_PRINT_WORD		= 0DBE, G: DEBUG
_DEBUG_PRINT_DWORD		= 0E1C, G: DEBUG
_SPI_SET_SPEED			= 0EF8, G: SD
_SPI_ASSERT_CS			= 0F04, G: SD
_SPI_DEASSERT_CS		= 0F0B, G: SD
_SPI_WAIT			= 0F12, G: SD
SEND_BYTE_LOOP			= 0F12, L: SD
_SPI_SEND_BYTE			= 0F19, G: SD
_SPI_DELAY			= 0F24, G: SD
_SPI_RECEIVE_BYTE		= 0F31, G: SD
_SD_WAIT_R1			= 0F3A, G: SD
I_3				= 0F4D, L: SD
I_5				= 0F59, L: SD
I_6				= 0F89, L: SD
I_4				= 0F8C, L: SD
_SD_WAIT_READY			= 0F97, G: SD
I_7				= 0FAD, L: SD
I_9				= 0FB9, L: SD
I_10				= 0FE7, L: SD
I_8				= 0FEA, L: SD
_SD_CMD0			= 0FF5, G: SD
_SD_CMD8			= 1077, G: SD
_SD_ACMD41			= 1108, G: SD
I_11				= 1191, L: SD
_SD_CMD58			= 1212, G: SD
_SD_INIT			= 12A0, G: SD
I_12				= 12BC, L: SD
I_14				= 12C1, L: SD
I_13				= 12D9, L: SD
I_15				= 1300, L: SD
I_17				= 1321, L: SD
I_16				= 1334, L: SD
I_19				= 134B, L: SD
I_21				= 1373, L: SD
I_20				= 1386, L: SD
I_22				= 1396, L: SD
I_18				= 1399, L: SD
I_25				= 13B9, L: SD
I_27				= 13E1, L: SD
I_26				= 13F4, L: SD
I_24				= 13F7, L: SD
I_28				= 1407, L: SD
I_23				= 1407, L: SD
_LOAD_DATA			= 141B, G: SD
LOAD_DATA_LOOP			= 1426, L: SD
LOAD_DATA_WAIT			= 142A, L: SD
_SD_LOAD_SECTOR			= 143A, G: SD
I_29				= 1550, L: SD
I_30				= 155F, L: SD
I_32				= 1582, L: SD
I_31				= 1599, L: SD
I_1				= 15B8, L: SD
_FAT				= 1614, G: FAT
_FAT_BUFFER			= 1616, G: FAT
_DATA_BUFFER			= 1618, G: FAT
_DIRECTORY_BUFFER		= 161A, G: FAT
_LOAD_DWORD			= 161C, G: FAT
_LOAD_WORD			= 1669, G: FAT
_FAT_INIT			= 1686, G: FAT
I_7				= 16BE, L: FAT
I_9				= 16D8, L: FAT
I_8				= 16E6, L: FAT
I_13				= 16F0, L: FAT
I_14				= 16FE, L: FAT
I_15				= 170F, L: FAT
I_16				= 1720, L: FAT
I_12				= 172E, L: FAT
I_17				= 176A, L: FAT
I_19				= 1784, L: FAT
I_18				= 1792, L: FAT
I_22				= 17AC, L: FAT
I_21				= 17BA, L: FAT
I_24				= 1806, L: FAT
I_25				= 1809, L: FAT
_FAT_INIT32			= 180F, G: FAT
I_26				= 184D, L: FAT
I_28				= 1852, L: FAT
I_27				= 1879, L: FAT
_FAT_INIT16			= 1895, G: FAT
I_29				= 18CB, L: FAT
I_31				= 18D0, L: FAT
I_30				= 18FA, L: FAT
_LOAD_FAT_SECTOR		= 1943, G: FAT
I_32				= 1979, L: FAT
I_33				= 19A8, L: FAT
_LOAD_DATA_SECTOR		= 19AC, G: FAT
_FIRST_SECTOR_OF_CLUSTER	= 19C2, G: FAT
_FAT_NEXT_CLUSTER		= 19F3, G: FAT
I_34				= 1A14, L: FAT
I_35				= 1A20, L: FAT
I_36				= 1A41, L: FAT
I_37				= 1A71, L: FAT
I_38				= 1A99, L: FAT
_FAT_IS_LAST_CLUSTER		= 1A9C, G: FAT
I_39				= 1ACA, L: FAT
I_40				= 1AED, L: FAT
_FAT_OPEN_FILE			= 1AEE, G: FAT
_FAT_LOAD_FILE_SECTOR		= 1B21, G: FAT
I_42				= 1BAB, L: FAT
I_43				= 1BD4, L: FAT
I_41				= 1BD4, L: FAT
_CLEAR_DIRECTORY_BUFFER		= 1BFD, G: FAT
I_44				= 1C04, L: FAT
I_46				= 1C08, L: FAT
I_45				= 1C34, L: FAT
_FAT_PROCESS_DIRECTORY_ENTRY	= 1C36, G: FAT
I_47				= 1C49, L: FAT
I_48				= 1C5F, L: FAT
I_49				= 1C96, L: FAT
I_51				= 1C9F, L: FAT
I_50				= 1CD8, L: FAT
I_52				= 1D35, L: FAT
_PROCESS_DIRECTORY_SECTOR	= 1D3A, G: FAT
I_53				= 1D47, L: FAT
I_55				= 1D4C, L: FAT
I_56				= 1D74, L: FAT
I_57				= 1DA8, L: FAT
I_54				= 1DBB, L: FAT
_FAT_OPEN_ROOT_DIRECTORY16	= 1DC0, G: FAT
I_58				= 1DFB, L: FAT
I_60				= 1E00, L: FAT
I_61				= 1E33, L: FAT
I_62				= 1E46, L: FAT
I_64				= 1E5B, L: FAT
I_63				= 1E5B, L: FAT
I_59				= 1E5B, L: FAT
_FAT_OPEN_DIRECTORY		= 1E72, G: FAT
I_66				= 1E9A, L: FAT
I_65				= 1E9A, L: FAT
I_69				= 1EB2, L: FAT
I_70				= 1ED6, L: FAT
I_72				= 1EDB, L: FAT
I_73				= 1F06, L: FAT
I_74				= 1F19, L: FAT
I_71				= 1F2E, L: FAT
I_76				= 1F5C, L: FAT
I_67				= 1F5D, L: FAT
I_77				= 1F71, L: FAT
I_68				= 1F71, L: FAT
I_75				= 1F83, L: FAT
_FAT_OPEN_ROOT_DIRECTORY	= 1F87, G: FAT
I_78				= 1FA4, L: FAT
I_79				= 1FA8, L: FAT
I_1				= 1FA9, L: FAT
L_AND				= 2091, G: L_AND
L_CASE				= 2098, G: L_CASE
SWLOOP				= 209A, L: L_CASE
SWEND				= 20AE, L: L_CASE
L_COM				= 20AF, G: L_COM
L_DIV_U				= 20B6, G: L_DIV_U
ENTRY				= 20BA, L: L_DIV_U
L_DIV1				= 20C1, L: L_DIV_U
L_DIV2				= 20CB, L: L_DIV_U
L_EQ				= 20D5, G: L_EQ
L_GCHAR				= 20DC, G: L_GCHAR
L_SXT				= 20DD, L: L_GCHAR
L_GINT				= 20E2, G: L_GINT
L_GINTSPSP			= 20E7, G: L_GINTSPSP
L_GLONG				= 20F0, G: L_GLONG
L_GT				= 20FA, G: L_GT
L_INT2LONG_S			= 2106, G: L_INT2LONG_S
L_LNEG				= 210E, G: L_LNEG
L_LONG_ADD			= 2113, G: L_LONG_ADD
L_LONG_AND			= 211E, G: L_LONG_AND
L_LONG_ASRO			= 2130, G: L_LONG_ASRO
LOOP				= 2135, L: L_LONG_ASRO
L_LT				= 2140, G: L_LT
L_NE				= 214C, G: L_NE
L_PINT				= 2153, G: L_PINT
L_PLONG				= 2159, G: L_PLONG
L_SXT				= 2165, G: L_SXT
L_ULT				= 216A, G: L_ULT
READ_JOYPAD1			= 2170, G: READ_JOYPAD1
L_ASR				= 2177, G: L_ASR
L_ASR1				= 2178, L: L_ASR
L_GCHARSPSP			= 2181, G: L_GCHARSPSP
L_LE				= 218B, G: L_LE
L_LONG_ASLO			= 2199, G: L_LONG_ASLO
LOOP				= 219D, L: L_LONG_ASLO
L_ASL				= 21A5, G: L_ASL
L_ASL1				= 21A6, L: L_ASL
L_DECLONG			= 21AC, G: L_DECLONG
L_INCLONG			= 21B2, G: L_INCLONG
L_LONG_EQ			= 21B8, G: L_LONG_EQ
NOTEQUAL0			= 21D3, L: L_LONG_EQ
NOTEQUAL1			= 21D4, L: L_LONG_EQ
L_LONG_MULT			= 21D7, G: L_LONG_MULT
L_LONG_MULT1			= 21E7, L: L_LONG_MULT
L_LONG_MULT2			= 21F7, L: L_LONG_MULT
L_LONG_OR			= 2208, G: L_LONG_OR
L_OR				= 221A, G: L_OR
L_XOR				= 2221, G: L_XOR
