Archive member included to satisfy reference by file (symbol)

/home/yombo/soft/stm32/SystemWorkbench/plugins/fr.ac6.mcu.externaltools.arm-none.linux64_1.13.1.201703061524/tools/compiler/bin/../lib/gcc/arm-none-eabi/5.4.1/armv7-m/libgcc.a(_arm_addsubdf3.o)
                              Src/main.o (__aeabi_ui2d)
/home/yombo/soft/stm32/SystemWorkbench/plugins/fr.ac6.mcu.externaltools.arm-none.linux64_1.13.1.201703061524/tools/compiler/bin/../lib/gcc/arm-none-eabi/5.4.1/armv7-m/libgcc.a(_arm_muldivdf3.o)
                              Src/main.o (__aeabi_dmul)
/home/yombo/soft/stm32/SystemWorkbench/plugins/fr.ac6.mcu.externaltools.arm-none.linux64_1.13.1.201703061524/tools/compiler/bin/../lib/gcc/arm-none-eabi/5.4.1/armv7-m/libgcc.a(_arm_fixunsdfsi.o)
                              Src/main.o (__aeabi_d2uiz)
/home/yombo/soft/stm32/SystemWorkbench/plugins/fr.ac6.mcu.externaltools.arm-none.linux64_1.13.1.201703061524/tools/compiler/bin/../lib/gcc/arm-none-eabi/5.4.1/../../../../arm-none-eabi/lib/armv7-m/libc_nano.a(lib_a-exit.o)
                              /home/yombo/soft/stm32/SystemWorkbench/plugins/fr.ac6.mcu.externaltools.arm-none.linux64_1.13.1.201703061524/tools/compiler/bin/../lib/gcc/arm-none-eabi/5.4.1/../../../../arm-none-eabi/lib/armv7-m/crt0.o (exit)
/home/yombo/soft/stm32/SystemWorkbench/plugins/fr.ac6.mcu.externaltools.arm-none.linux64_1.13.1.201703061524/tools/compiler/bin/../lib/gcc/arm-none-eabi/5.4.1/../../../../arm-none-eabi/lib/armv7-m/libc_nano.a(lib_a-impure.o)
                              /home/yombo/soft/stm32/SystemWorkbench/plugins/fr.ac6.mcu.externaltools.arm-none.linux64_1.13.1.201703061524/tools/compiler/bin/../lib/gcc/arm-none-eabi/5.4.1/../../../../arm-none-eabi/lib/armv7-m/libc_nano.a(lib_a-exit.o) (_global_impure_ptr)
/home/yombo/soft/stm32/SystemWorkbench/plugins/fr.ac6.mcu.externaltools.arm-none.linux64_1.13.1.201703061524/tools/compiler/bin/../lib/gcc/arm-none-eabi/5.4.1/../../../../arm-none-eabi/lib/armv7-m/libc_nano.a(lib_a-init.o)
                              /home/yombo/soft/stm32/SystemWorkbench/plugins/fr.ac6.mcu.externaltools.arm-none.linux64_1.13.1.201703061524/tools/compiler/bin/../lib/gcc/arm-none-eabi/5.4.1/../../../../arm-none-eabi/lib/armv7-m/crt0.o (__libc_init_array)
/home/yombo/soft/stm32/SystemWorkbench/plugins/fr.ac6.mcu.externaltools.arm-none.linux64_1.13.1.201703061524/tools/compiler/bin/../lib/gcc/arm-none-eabi/5.4.1/../../../../arm-none-eabi/lib/armv7-m/libc_nano.a(lib_a-malloc.o)
                              Middlewares/ST/STM32_USB_Host_Library/Class/AUDIO/Src/usbh_audio.o (malloc)
/home/yombo/soft/stm32/SystemWorkbench/plugins/fr.ac6.mcu.externaltools.arm-none.linux64_1.13.1.201703061524/tools/compiler/bin/../lib/gcc/arm-none-eabi/5.4.1/../../../../arm-none-eabi/lib/armv7-m/libc_nano.a(lib_a-memcpy-stub.o)
                              Middlewares/ST/STM32_USB_Host_Library/Class/MTP/Src/usbh_mtp.o (memcpy)
/home/yombo/soft/stm32/SystemWorkbench/plugins/fr.ac6.mcu.externaltools.arm-none.linux64_1.13.1.201703061524/tools/compiler/bin/../lib/gcc/arm-none-eabi/5.4.1/../../../../arm-none-eabi/lib/armv7-m/libc_nano.a(lib_a-memset.o)
                              /home/yombo/soft/stm32/SystemWorkbench/plugins/fr.ac6.mcu.externaltools.arm-none.linux64_1.13.1.201703061524/tools/compiler/bin/../lib/gcc/arm-none-eabi/5.4.1/../../../../arm-none-eabi/lib/armv7-m/crt0.o (memset)
/home/yombo/soft/stm32/SystemWorkbench/plugins/fr.ac6.mcu.externaltools.arm-none.linux64_1.13.1.201703061524/tools/compiler/bin/../lib/gcc/arm-none-eabi/5.4.1/../../../../arm-none-eabi/lib/armv7-m/libc_nano.a(lib_a-nano-freer.o)
                              /home/yombo/soft/stm32/SystemWorkbench/plugins/fr.ac6.mcu.externaltools.arm-none.linux64_1.13.1.201703061524/tools/compiler/bin/../lib/gcc/arm-none-eabi/5.4.1/../../../../arm-none-eabi/lib/armv7-m/libc_nano.a(lib_a-malloc.o) (_free_r)
/home/yombo/soft/stm32/SystemWorkbench/plugins/fr.ac6.mcu.externaltools.arm-none.linux64_1.13.1.201703061524/tools/compiler/bin/../lib/gcc/arm-none-eabi/5.4.1/../../../../arm-none-eabi/lib/armv7-m/libc_nano.a(lib_a-nano-mallocr.o)
                              /home/yombo/soft/stm32/SystemWorkbench/plugins/fr.ac6.mcu.externaltools.arm-none.linux64_1.13.1.201703061524/tools/compiler/bin/../lib/gcc/arm-none-eabi/5.4.1/../../../../arm-none-eabi/lib/armv7-m/libc_nano.a(lib_a-malloc.o) (_malloc_r)
/home/yombo/soft/stm32/SystemWorkbench/plugins/fr.ac6.mcu.externaltools.arm-none.linux64_1.13.1.201703061524/tools/compiler/bin/../lib/gcc/arm-none-eabi/5.4.1/../../../../arm-none-eabi/lib/armv7-m/libc_nano.a(lib_a-sbrkr.o)
                              /home/yombo/soft/stm32/SystemWorkbench/plugins/fr.ac6.mcu.externaltools.arm-none.linux64_1.13.1.201703061524/tools/compiler/bin/../lib/gcc/arm-none-eabi/5.4.1/../../../../arm-none-eabi/lib/armv7-m/libc_nano.a(lib_a-nano-mallocr.o) (_sbrk_r)
[...]
Memory Configuration

Name             Origin             Length             Attributes
RAM              0x20000000         0x00010000         xrw
FLASH            0x08000000         0x00020000         xr
*default*        0x00000000         0xffffffff

Linker script and memory map

LOAD /home/yombo/soft/stm32/SystemWorkbench/plugins/fr.ac6.mcu.externaltools.arm-none.linux64_1.13.1.201703061524/tools/compiler/bin/../lib/gcc/arm-none-eabi/5.4.1/armv7-m/crti.o
LOAD /home/yombo/soft/stm32/SystemWorkbench/plugins/fr.ac6.mcu.externaltools.arm-none.linux64_1.13.1.201703061524/tools/compiler/bin/../lib/gcc/arm-none-eabi/5.4.1/armv7-m/crtbegin.o
LOAD /home/yombo/soft/stm32/SystemWorkbench/plugins/fr.ac6.mcu.externaltools.arm-none.linux64_1.13.1.201703061524/tools/compiler/bin/../lib/gcc/arm-none-eabi/5.4.1/../../../../arm-none-eabi/lib/armv7-m/crt0.o
LOAD /home/yombo/soft/stm32/SystemWorkbench/plugins/fr.ac6.mcu.externaltools.arm-none.linux64_1.13.1.201703061524/tools/compiler/bin/../lib/gcc/arm-none-eabi/5.4.1/../../../../arm-none-eabi/lib/armv7-m/libm.a
LOAD Drivers/STM32F1xx_HAL_Driver/Src/stm32f1xx_hal.o
LOAD Drivers/STM32F1xx_HAL_Driver/Src/stm32f1xx_hal_cortex.o
LOAD Drivers/STM32F1xx_HAL_Driver/Src/stm32f1xx_hal_dma.o
LOAD Drivers/STM32F1xx_HAL_Driver/Src/stm32f1xx_hal_flash.o
LOAD Drivers/STM32F1xx_HAL_Driver/Src/stm32f1xx_hal_flash_ex.o
LOAD Drivers/STM32F1xx_HAL_Driver/Src/stm32f1xx_hal_gpio.o
LOAD Drivers/STM32F1xx_HAL_Driver/Src/stm32f1xx_hal_gpio_ex.o
LOAD Drivers/STM32F1xx_HAL_Driver/Src/stm32f1xx_hal_hcd.o
LOAD Drivers/STM32F1xx_HAL_Driver/Src/stm32f1xx_hal_pwr.o
LOAD Drivers/STM32F1xx_HAL_Driver/Src/stm32f1xx_hal_rcc.o
LOAD Drivers/STM32F1xx_HAL_Driver/Src/stm32f1xx_hal_rcc_ex.o
LOAD Drivers/STM32F1xx_HAL_Driver/Src/stm32f1xx_hal_tim.o
LOAD Drivers/STM32F1xx_HAL_Driver/Src/stm32f1xx_hal_tim_ex.o
LOAD Drivers/STM32F1xx_HAL_Driver/Src/stm32f1xx_hal_uart.o
LOAD Drivers/STM32F1xx_HAL_Driver/Src/stm32f1xx_ll_usb.o
LOAD Middlewares/ST/STM32_USB_Host_Library/Class/AUDIO/Src/usbh_audio.o
LOAD Middlewares/ST/STM32_USB_Host_Library/Class/CDC/Src/usbh_cdc.o
LOAD Middlewares/ST/STM32_USB_Host_Library/Class/HID/Src/usbh_hid.o
LOAD Middlewares/ST/STM32_USB_Host_Library/Class/HID/Src/usbh_hid_keybd.o
LOAD Middlewares/ST/STM32_USB_Host_Library/Class/HID/Src/usbh_hid_mouse.o
LOAD Middlewares/ST/STM32_USB_Host_Library/Class/HID/Src/usbh_hid_parser.o
LOAD Middlewares/ST/STM32_USB_Host_Library/Class/MSC/Src/usbh_msc.o
LOAD Middlewares/ST/STM32_USB_Host_Library/Class/MSC/Src/usbh_msc_bot.o
LOAD Middlewares/ST/STM32_USB_Host_Library/Class/MSC/Src/usbh_msc_scsi.o
LOAD Middlewares/ST/STM32_USB_Host_Library/Class/MTP/Src/usbh_mtp.o
LOAD Middlewares/ST/STM32_USB_Host_Library/Class/MTP/Src/usbh_mtp_ptp.o
LOAD Middlewares/ST/STM32_USB_Host_Library/Core/Src/usbh_core.o
LOAD Middlewares/ST/STM32_USB_Host_Library/Core/Src/usbh_ctlreq.o
LOAD Middlewares/ST/STM32_USB_Host_Library/Core/Src/usbh_ioreq.o
LOAD Middlewares/ST/STM32_USB_Host_Library/Core/Src/usbh_pipes.o
LOAD Src/main.o
LOAD Src/stm32f1xx_hal_msp.o
LOAD Src/stm32f1xx_it.o
LOAD Src/system_stm32f1xx.o
LOAD Src/usb_host.o
LOAD Src/usbh_conf.o
LOAD startup/startup_stm32f105xc.o
START GROUP
LOAD /home/yombo/soft/stm32/SystemWorkbench/plugins/fr.ac6.mcu.externaltools.arm-none.linux64_1.13.1.201703061524/tools/compiler/bin/../lib/gcc/arm-none-eabi/5.4.1/armv7-m/libgcc.a
LOAD /home/yombo/soft/stm32/SystemWorkbench/plugins/fr.ac6.mcu.externaltools.arm-none.linux64_1.13.1.201703061524/tools/compiler/bin/../lib/gcc/arm-none-eabi/5.4.1/../../../../arm-none-eabi/lib/armv7-m/libc_nano.a
END GROUP
START GROUP
LOAD /home/yombo/soft/stm32/SystemWorkbench/plugins/fr.ac6.mcu.externaltools.arm-none.linux64_1.13.1.201703061524/tools/compiler/bin/../lib/gcc/arm-none-eabi/5.4.1/armv7-m/libgcc.a
LOAD /home/yombo/soft/stm32/SystemWorkbench/plugins/fr.ac6.mcu.externaltools.arm-none.linux64_1.13.1.201703061524/tools/compiler/bin/../lib/gcc/arm-none-eabi/5.4.1/../../../../arm-none-eabi/lib/armv7-m/libc_nano.a
LOAD /home/yombo/soft/stm32/SystemWorkbench/plugins/fr.ac6.mcu.externaltools.arm-none.linux64_1.13.1.201703061524/tools/compiler/bin/../lib/gcc/arm-none-eabi/5.4.1/../../../../arm-none-eabi/lib/armv7-m/libnosys.a
END GROUP
START GROUP
LOAD /home/yombo/soft/stm32/SystemWorkbench/plugins/fr.ac6.mcu.externaltools.arm-none.linux64_1.13.1.201703061524/tools/compiler/bin/../lib/gcc/arm-none-eabi/5.4.1/armv7-m/libgcc.a
LOAD /home/yombo/soft/stm32/SystemWorkbench/plugins/fr.ac6.mcu.externaltools.arm-none.linux64_1.13.1.201703061524/tools/compiler/bin/../lib/gcc/arm-none-eabi/5.4.1/../../../../arm-none-eabi/lib/armv7-m/libc_nano.a
LOAD /home/yombo/soft/stm32/SystemWorkbench/plugins/fr.ac6.mcu.externaltools.arm-none.linux64_1.13.1.201703061524/tools/compiler/bin/../lib/gcc/arm-none-eabi/5.4.1/../../../../arm-none-eabi/lib/armv7-m/libnosys.a
END GROUP
LOAD /home/yombo/soft/stm32/SystemWorkbench/plugins/fr.ac6.mcu.externaltools.arm-none.linux64_1.13.1.201703061524/tools/compiler/bin/../lib/gcc/arm-none-eabi/5.4.1/armv7-m/crtend.o
LOAD /home/yombo/soft/stm32/SystemWorkbench/plugins/fr.ac6.mcu.externaltools.arm-none.linux64_1.13.1.201703061524/tools/compiler/bin/../lib/gcc/arm-none-eabi/5.4.1/armv7-m/crtn.o
                0x20010000                _estack = 0x20010000
                0x00000200                _Min_Heap_Size = 0x200
                0x00000400                _Min_Stack_Size = 0x400

.isr_vector     0x08000000      0x1e4
                0x08000000                . = ALIGN (0x4)
 *(.isr_vector)
 .isr_vector    0x08000000      0x1e4 startup/startup_stm32f105xc.o
                0x08000000                g_pfnVectors
                0x080001e4                . = ALIGN (0x4)

.text           0x080001e4     0x7134
                0x080001e4                . = ALIGN (0x4)
 *(.text)
 .text          0x080001e4       0x5c /home/yombo/soft/stm32/SystemWorkbench/plugins/fr.ac6.mcu.externaltools.arm-none.linux64_1.13.1.201703061524/tools/compiler/bin/../lib/gcc/arm-none-eabi/5.4.1/armv7-m/crtbegin.o
 *(.text*)
 .text.HAL_InitTick
                0x08000240       0x28 Drivers/STM32F1xx_HAL_Driver/Src/stm32f1xx_hal.o
                0x08000240                HAL_InitTick
 .text.HAL_Init
                0x08000268       0x24 Drivers/STM32F1xx_HAL_Driver/Src/stm32f1xx_hal.o
                0x08000268                HAL_Init
 .text.HAL_IncTick
                0x0800028c       0x10 Drivers/STM32F1xx_HAL_Driver/Src/stm32f1xx_hal.o
                0x0800028c                HAL_IncTick
 .text.HAL_GetTick
                0x0800029c        0xc Drivers/STM32F1xx_HAL_Driver/Src/stm32f1xx_hal.o
                0x0800029c                HAL_GetTick
 .text.HAL_Delay
                0x080002a8       0x1c Drivers/STM32F1xx_HAL_Driver/Src/stm32f1xx_hal.o
                0x080002a8                HAL_Delay
 .text.HAL_NVIC_SetPriorityGrouping
                0x080002c4       0x24 Drivers/STM32F1xx_HAL_Driver/Src/stm32f1xx_hal_cortex.o
                0x080002c4                HAL_NVIC_SetPriorityGrouping
 .text.HAL_NVIC_SetPriority
                0x080002e8       0x64 Drivers/STM32F1xx_HAL_Driver/Src/stm32f1xx_hal_cortex.o
                0x080002e8                HAL_NVIC_SetPriority
 .text.HAL_NVIC_EnableIRQ
                0x0800034c       0x18 Drivers/STM32F1xx_HAL_Driver/Src/stm32f1xx_hal_cortex.o
                0x0800034c                HAL_NVIC_EnableIRQ
 .text.HAL_SYSTICK_Config
                0x08000364       0x2c Drivers/STM32F1xx_HAL_Driver/Src/stm32f1xx_hal_cortex.o
                0x08000364                HAL_SYSTICK_Config
 .text.HAL_SYSTICK_CLKSourceConfig
                0x08000390       0x20 Drivers/STM32F1xx_HAL_Driver/Src/stm32f1xx_hal_cortex.o
                0x08000390                HAL_SYSTICK_CLKSourceConfig
 .text.HAL_SYSTICK_Callback
                0x080003b0        0x4 Drivers/STM32F1xx_HAL_Driver/Src/stm32f1xx_hal_cortex.o
                0x080003b0                HAL_SYSTICK_Callback
 .text.HAL_SYSTICK_IRQHandler
                0x080003b4        0x8 Drivers/STM32F1xx_HAL_Driver/Src/stm32f1xx_hal_cortex.o
                0x080003b4                HAL_SYSTICK_IRQHandler
 .text.HAL_GPIO_Init
                0x080003bc      0x1d8 Drivers/STM32F1xx_HAL_Driver/Src/stm32f1xx_hal_gpio.o
                0x080003bc                HAL_GPIO_Init
 .text.HAL_GPIO_WritePin
                0x08000594        0xc Drivers/STM32F1xx_HAL_Driver/Src/stm32f1xx_hal_gpio.o
                0x08000594                HAL_GPIO_WritePin
 .text.HCD_RXQLVL_IRQHandler
                0x080005a0       0x88 Drivers/STM32F1xx_HAL_Driver/Src/stm32f1xx_hal_hcd.o
 .text.HAL_HCD_HC_Init
                0x08000628       0x84 Drivers/STM32F1xx_HAL_Driver/Src/stm32f1xx_hal_hcd.o
                0x08000628                HAL_HCD_HC_Init
 .text.HAL_HCD_HC_Halt
                0x080006ac       0x24 Drivers/STM32F1xx_HAL_Driver/Src/stm32f1xx_hal_hcd.o
                0x080006ac                HAL_HCD_HC_Halt
 .text.HAL_HCD_Init
                0x080006d0       0x7c Drivers/STM32F1xx_HAL_Driver/Src/stm32f1xx_hal_hcd.o
                0x080006d0                HAL_HCD_Init
 .text.HAL_HCD_HC_SubmitRequest
                0x0800074c      0x1d4 Drivers/STM32F1xx_HAL_Driver/Src/stm32f1xx_hal_hcd.o
                0x0800074c                HAL_HCD_HC_SubmitRequest
 .text.HCD_Port_IRQHandler
                0x08000920       0xb4 Drivers/STM32F1xx_HAL_Driver/Src/stm32f1xx_hal_hcd.o
 .text.HCD_HC_IN_IRQHandler
                0x080009d4      0x260 Drivers/STM32F1xx_HAL_Driver/Src/stm32f1xx_hal_hcd.o
 .text.HCD_HC_OUT_IRQHandler
                0x08000c34      0x2a0 Drivers/STM32F1xx_HAL_Driver/Src/stm32f1xx_hal_hcd.o
 .text.HAL_HCD_IRQHandler
                0x08000ed4      0x13c Drivers/STM32F1xx_HAL_Driver/Src/stm32f1xx_hal_hcd.o
                0x08000ed4                HAL_HCD_IRQHandler
 .text.HAL_HCD_Start
                0x08001010       0x2c Drivers/STM32F1xx_HAL_Driver/Src/stm32f1xx_hal_hcd.o
                0x08001010                HAL_HCD_Start
 .text.HAL_HCD_Stop
                0x0800103c       0x24 Drivers/STM32F1xx_HAL_Driver/Src/stm32f1xx_hal_hcd.o
                0x0800103c                HAL_HCD_Stop
 .text.HAL_HCD_ResetPort
                0x08001060        0xc Drivers/STM32F1xx_HAL_Driver/Src/stm32f1xx_hal_hcd.o
                0x08001060                HAL_HCD_ResetPort
 .text.HAL_HCD_HC_GetURBState
                0x0800106c       0x10 Drivers/STM32F1xx_HAL_Driver/Src/stm32f1xx_hal_hcd.o
                0x0800106c                HAL_HCD_HC_GetURBState
 .text.HAL_HCD_HC_GetXferCount
                0x0800107c        0xc Drivers/STM32F1xx_HAL_Driver/Src/stm32f1xx_hal_hcd.o
                0x0800107c                HAL_HCD_HC_GetXferCount
 .text.HAL_HCD_GetCurrentFrame
                0x08001088        0xc Drivers/STM32F1xx_HAL_Driver/Src/stm32f1xx_hal_hcd.o
                0x08001088                HAL_HCD_GetCurrentFrame
 .text.HAL_HCD_GetCurrentSpeed
                0x08001094        0xc Drivers/STM32F1xx_HAL_Driver/Src/stm32f1xx_hal_hcd.o
                0x08001094                HAL_HCD_GetCurrentSpeed
 .text.HAL_RCC_OscConfig
                0x080010a0      0x780 Drivers/STM32F1xx_HAL_Driver/Src/stm32f1xx_hal_rcc.o
                0x080010a0                HAL_RCC_OscConfig
 .text.HAL_RCC_GetSysClockFreq
                0x08001820      0x110 Drivers/STM32F1xx_HAL_Driver/Src/stm32f1xx_hal_rcc.o
                0x08001820                HAL_RCC_GetSysClockFreq
 .text.HAL_RCC_ClockConfig
                0x08001930      0x1e4 Drivers/STM32F1xx_HAL_Driver/Src/stm32f1xx_hal_rcc.o
                0x08001930                HAL_RCC_ClockConfig
 .text.HAL_RCC_GetHCLKFreq
                0x08001b14        0xc Drivers/STM32F1xx_HAL_Driver/Src/stm32f1xx_hal_rcc.o
                0x08001b14                HAL_RCC_GetHCLKFreq
 .text.HAL_RCC_GetPCLK1Freq
                0x08001b20       0x30 Drivers/STM32F1xx_HAL_Driver/Src/stm32f1xx_hal_rcc.o
                0x08001b20                HAL_RCC_GetPCLK1Freq
 .text.HAL_RCC_GetPCLK2Freq
                0x08001b50       0x30 Drivers/STM32F1xx_HAL_Driver/Src/stm32f1xx_hal_rcc.o
                0x08001b50                HAL_RCC_GetPCLK2Freq
 .text.HAL_RCCEx_PeriphCLKConfig
                0x08001b80      0x234 Drivers/STM32F1xx_HAL_Driver/Src/stm32f1xx_hal_rcc_ex.o
                0x08001b80                HAL_RCCEx_PeriphCLKConfig
 .text.UART_SetConfig
                0x08001db4      0x1bc Drivers/STM32F1xx_HAL_Driver/Src/stm32f1xx_hal_uart.o
 .text.HAL_UART_Init
                0x08001f70       0x60 Drivers/STM32F1xx_HAL_Driver/Src/stm32f1xx_hal_uart.o
                0x08001f70                HAL_UART_Init
 .text.USB_CoreInit
                0x08001fd0       0x28 Drivers/STM32F1xx_HAL_Driver/Src/stm32f1xx_ll_usb.o
                0x08001fd0                USB_CoreInit
 .text.USB_EnableGlobalInt
                0x08001ff8        0xc Drivers/STM32F1xx_HAL_Driver/Src/stm32f1xx_ll_usb.o
                0x08001ff8                USB_EnableGlobalInt
 .text.USB_DisableGlobalInt
                0x08002004        0xc Drivers/STM32F1xx_HAL_Driver/Src/stm32f1xx_ll_usb.o
                0x08002004                USB_DisableGlobalInt
 .text.USB_SetCurrentMode
                0x08002010       0x2c Drivers/STM32F1xx_HAL_Driver/Src/stm32f1xx_ll_usb.o
                0x08002010                USB_SetCurrentMode
 .text.USB_FlushTxFifo
                0x0800203c       0x28 Drivers/STM32F1xx_HAL_Driver/Src/stm32f1xx_ll_usb.o
                0x0800203c                USB_FlushTxFifo
 .text.USB_FlushRxFifo
                0x08002064       0x24 Drivers/STM32F1xx_HAL_Driver/Src/stm32f1xx_ll_usb.o
                0x08002064                USB_FlushRxFifo
 .text.USB_WritePacket
                0x08002088       0x24 Drivers/STM32F1xx_HAL_Driver/Src/stm32f1xx_ll_usb.o
                0x08002088                USB_WritePacket
 .text.USB_ReadPacket
                0x080020ac       0x20 Drivers/STM32F1xx_HAL_Driver/Src/stm32f1xx_ll_usb.o
                0x080020ac                USB_ReadPacket
 .text.USB_ReadInterrupts
                0x080020cc        0x8 Drivers/STM32F1xx_HAL_Driver/Src/stm32f1xx_ll_usb.o
                0x080020cc                USB_ReadInterrupts
 .text.USB_GetMode
                0x080020d4        0x8 Drivers/STM32F1xx_HAL_Driver/Src/stm32f1xx_ll_usb.o
                0x080020d4                USB_GetMode
 .text.USB_HostInit
                0x080020dc       0xc8 Drivers/STM32F1xx_HAL_Driver/Src/stm32f1xx_ll_usb.o
                0x080020dc                USB_HostInit
 .text.USB_InitFSLSPClkSel
                0x080021a4       0x3c Drivers/STM32F1xx_HAL_Driver/Src/stm32f1xx_ll_usb.o
                0x080021a4                USB_InitFSLSPClkSel
 .text.USB_ResetPort
                0x080021e0       0x38 Drivers/STM32F1xx_HAL_Driver/Src/stm32f1xx_ll_usb.o
                0x080021e0                USB_ResetPort
 .text.USB_DriveVbus
                0x08002218       0x44 Drivers/STM32F1xx_HAL_Driver/Src/stm32f1xx_ll_usb.o
                0x08002218                USB_DriveVbus
 .text.USB_GetHostSpeed
                0x0800225c       0x18 Drivers/STM32F1xx_HAL_Driver/Src/stm32f1xx_ll_usb.o
                0x0800225c                USB_GetHostSpeed
 .text.USB_GetCurrentFrame
                0x08002274        0xc Drivers/STM32F1xx_HAL_Driver/Src/stm32f1xx_ll_usb.o
                0x08002274                USB_GetCurrentFrame
 .text.USB_HC_Init
                0x08002280       0xd8 Drivers/STM32F1xx_HAL_Driver/Src/stm32f1xx_ll_usb.o
                0x08002280                USB_HC_Init
 .text.USB_HC_StartXfer
                0x08002358      0x1ec Drivers/STM32F1xx_HAL_Driver/Src/stm32f1xx_ll_usb.o
                0x08002358                USB_HC_StartXfer
 .text.USB_HC_ReadInterrupt
                0x08002544       0x1c Drivers/STM32F1xx_HAL_Driver/Src/stm32f1xx_ll_usb.o
                0x08002544                USB_HC_ReadInterrupt
 .text.USB_HC_Halt
                0x08002560      0x1fc Drivers/STM32F1xx_HAL_Driver/Src/stm32f1xx_ll_usb.o
                0x08002560                USB_HC_Halt
 .text.USB_StopHost
                0x0800275c      0x108 Drivers/STM32F1xx_HAL_Driver/Src/stm32f1xx_ll_usb.o
                0x0800275c                USB_StopHost
 .text.USB_CoreReset
                0x08002864       0x64 Drivers/STM32F1xx_HAL_Driver/Src/stm32f1xx_ll_usb.o
 .text.USBH_AUDIO_SOFProcess
                0x080028c8        0x4 Middlewares/ST/STM32_USB_Host_Library/Class/AUDIO/Src/usbh_audio.o
 .text.USBH_AUDIO_FindAudioStreamingIN
                0x080028cc       0x90 Middlewares/ST/STM32_USB_Host_Library/Class/AUDIO/Src/usbh_audio.o
 .text.USBH_AUDIO_FindAudioStreamingOUT
                0x0800295c       0x9c Middlewares/ST/STM32_USB_Host_Library/Class/AUDIO/Src/usbh_audio.o
 .text.ParseCSDescriptors
                0x080029f8       0xb0 Middlewares/ST/STM32_USB_Host_Library/Class/AUDIO/Src/usbh_audio.o
 .text.USBH_AUDIO_FindLinkedUnit
                0x08002aa8       0xd8 Middlewares/ST/STM32_USB_Host_Library/Class/AUDIO/Src/usbh_audio.o
 .text.USBH_AUDIO_BuildMicrophonePath
                0x08002b80       0x84 Middlewares/ST/STM32_USB_Host_Library/Class/AUDIO/Src/usbh_audio.o
 .text.USBH_AUDIO_BuildHeadphonePath
                0x08002c04       0xcc Middlewares/ST/STM32_USB_Host_Library/Class/AUDIO/Src/usbh_audio.o
 .text.USBH_AUDIO_SetEndpointControls
                0x08002cd0       0x20 Middlewares/ST/STM32_USB_Host_Library/Class/AUDIO/Src/usbh_audio.o
 .text.USBH_AC_SetCur
                0x08002cf0       0x58 Middlewares/ST/STM32_USB_Host_Library/Class/AUDIO/Src/usbh_audio.o
 .text.AUDIO_SetVolume
                0x08002d48       0x20 Middlewares/ST/STM32_USB_Host_Library/Class/AUDIO/Src/usbh_audio.o
 .text.USBH_AUDIO_SetControlAttribute
                0x08002d68       0x94 Middlewares/ST/STM32_USB_Host_Library/Class/AUDIO/Src/usbh_audio.o
 .text.USBH_AC_GetCur
                0x08002dfc       0x74 Middlewares/ST/STM32_USB_Host_Library/Class/AUDIO/Src/usbh_audio.o
 .text.USBH_AC_GetMin
                0x08002e70       0x74 Middlewares/ST/STM32_USB_Host_Library/Class/AUDIO/Src/usbh_audio.o
 .text.USBH_AC_GetMax
                0x08002ee4       0x74 Middlewares/ST/STM32_USB_Host_Library/Class/AUDIO/Src/usbh_audio.o
 .text.USBH_AC_GetRes
                0x08002f58       0x74 Middlewares/ST/STM32_USB_Host_Library/Class/AUDIO/Src/usbh_audio.o
 .text.USBH_AUDIO_CSRequest
                0x08002fcc       0xf4 Middlewares/ST/STM32_USB_Host_Library/Class/AUDIO/Src/usbh_audio.o
 .text.USBH_AUDIO_HandleCSRequest
                0x080030c0       0x44 Middlewares/ST/STM32_USB_Host_Library/Class/AUDIO/Src/usbh_audio.o
 .text.USBH_AUDIO_Control
                0x08003104       0xd4 Middlewares/ST/STM32_USB_Host_Library/Class/AUDIO/Src/usbh_audio.o
 .text.USBH_AUDIO_ClassRequest
                0x080031d8      0x104 Middlewares/ST/STM32_USB_Host_Library/Class/AUDIO/Src/usbh_audio.o
 .text.USBH_AUDIO_InterfaceDeInit
                0x080032dc       0x74 Middlewares/ST/STM32_USB_Host_Library/Class/AUDIO/Src/usbh_audio.o
 .text.USBH_AUDIO_FindHIDControl
                0x08003350       0x84 Middlewares/ST/STM32_USB_Host_Library/Class/AUDIO/Src/usbh_audio.o
 .text.USBH_AUDIO_ParseCSDescriptors
                0x080033d4       0x8c Middlewares/ST/STM32_USB_Host_Library/Class/AUDIO/Src/usbh_audio.o
 .text.USBH_AUDIO_InterfaceInit
                0x08003460      0x214 Middlewares/ST/STM32_USB_Host_Library/Class/AUDIO/Src/usbh_audio.o
 .text.USBH_AUDIO_FrequencySet
                0x08003674        0x4 Middlewares/ST/STM32_USB_Host_Library/Class/AUDIO/Src/usbh_audio.o
                0x08003674                USBH_AUDIO_FrequencySet
 .text.USBH_AUDIO_BufferEmptyCallback
                0x08003678        0x4 Middlewares/ST/STM32_USB_Host_Library/Class/AUDIO/Src/usbh_audio.o
                0x08003678                USBH_AUDIO_BufferEmptyCallback
 .text.USBH_AUDIO_Transmit
                0x0800367c       0xe0 Middlewares/ST/STM32_USB_Host_Library/Class/AUDIO/Src/usbh_audio.o
 .text.USBH_AUDIO_OutputStream
                0x0800375c       0x8c Middlewares/ST/STM32_USB_Host_Library/Class/AUDIO/Src/usbh_audio.o
 .text.USBH_AUDIO_Process
                0x080037e8       0x18 Middlewares/ST/STM32_USB_Host_Library/Class/AUDIO/Src/usbh_audio.o
 .text.USBH_CDC_SOFProcess
                0x08003800        0x4 Middlewares/ST/STM32_USB_Host_Library/Class/CDC/Src/usbh_cdc.o
 .text.SetLineCoding
                0x08003804       0x1c Middlewares/ST/STM32_USB_Host_Library/Class/CDC/Src/usbh_cdc.o
 .text.GetLineCoding
                0x08003820       0x1c Middlewares/ST/STM32_USB_Host_Library/Class/CDC/Src/usbh_cdc.o
 .text.USBH_CDC_ClassRequest
                0x0800383c       0x24 Middlewares/ST/STM32_USB_Host_Library/Class/CDC/Src/usbh_cdc.o
 .text.USBH_CDC_InterfaceDeInit
                0x08003860       0x64 Middlewares/ST/STM32_USB_Host_Library/Class/CDC/Src/usbh_cdc.o
 .text.USBH_CDC_InterfaceInit
                0x080038c4      0x160 Middlewares/ST/STM32_USB_Host_Library/Class/CDC/Src/usbh_cdc.o
 .text.USBH_CDC_TransmitCallback
                0x08003a24        0x4 Middlewares/ST/STM32_USB_Host_Library/Class/CDC/Src/usbh_cdc.o
                0x08003a24                USBH_CDC_TransmitCallback
 .text.CDC_ProcessTransmission
                0x08003a28       0x94 Middlewares/ST/STM32_USB_Host_Library/Class/CDC/Src/usbh_cdc.o
 .text.USBH_CDC_ReceiveCallback
                0x08003abc        0x4 Middlewares/ST/STM32_USB_Host_Library/Class/CDC/Src/usbh_cdc.o
                0x08003abc                USBH_CDC_ReceiveCallback
 .text.CDC_ProcessReception
                0x08003ac0       0x6c Middlewares/ST/STM32_USB_Host_Library/Class/CDC/Src/usbh_cdc.o
 .text.USBH_CDC_LineCodingChanged
                0x08003b2c        0x4 Middlewares/ST/STM32_USB_Host_Library/Class/CDC/Src/usbh_cdc.o
                0x08003b2c                USBH_CDC_LineCodingChanged
 .text.USBH_CDC_Process
                0x08003b30       0xbc Middlewares/ST/STM32_USB_Host_Library/Class/CDC/Src/usbh_cdc.o
 .text.USBH_HID_SOFProcess
                0x08003bec       0x24 Middlewares/ST/STM32_USB_Host_Library/Class/HID/Src/usbh_hid.o
 .text.USBH_HID_ParseHIDDesc
                0x08003c10       0x2c Middlewares/ST/STM32_USB_Host_Library/Class/HID/Src/usbh_hid.o
 .text.USBH_HID_InterfaceDeInit
                0x08003c3c       0x44 Middlewares/ST/STM32_USB_Host_Library/Class/HID/Src/usbh_hid.o
 .text.USBH_HID_InterfaceInit
                0x08003c80      0x148 Middlewares/ST/STM32_USB_Host_Library/Class/HID/Src/usbh_hid.o
 .text.USBH_HID_GetHIDReportDescriptor
                0x08003dc8       0x1c Middlewares/ST/STM32_USB_Host_Library/Class/HID/Src/usbh_hid.o
                0x08003dc8                USBH_HID_GetHIDReportDescriptor
 .text.USBH_HID_GetHIDDescriptor
                0x08003de4       0x1c Middlewares/ST/STM32_USB_Host_Library/Class/HID/Src/usbh_hid.o
                0x08003de4                USBH_HID_GetHIDDescriptor
 .text.USBH_HID_SetIdle
                0x08003e00       0x20 Middlewares/ST/STM32_USB_Host_Library/Class/HID/Src/usbh_hid.o
                0x08003e00                USBH_HID_SetIdle
 .text.USBH_HID_GetReport
                0x08003e20       0x24 Middlewares/ST/STM32_USB_Host_Library/Class/HID/Src/usbh_hid.o
                0x08003e20                USBH_HID_GetReport
 .text.USBH_HID_SetProtocol
                0x08003e44       0x20 Middlewares/ST/STM32_USB_Host_Library/Class/HID/Src/usbh_hid.o
                0x08003e44                USBH_HID_SetProtocol
 .text.USBH_HID_ClassRequest
                0x08003e64       0x94 Middlewares/ST/STM32_USB_Host_Library/Class/HID/Src/usbh_hid.o
 .text.fifo_init
                0x08003ef8       0x10 Middlewares/ST/STM32_USB_Host_Library/Class/HID/Src/usbh_hid.o
                0x08003ef8                fifo_init
 .text.fifo_read
                0x08003f08       0x58 Middlewares/ST/STM32_USB_Host_Library/Class/HID/Src/usbh_hid.o
                0x08003f08                fifo_read
 .text.fifo_write
                0x08003f60       0x60 Middlewares/ST/STM32_USB_Host_Library/Class/HID/Src/usbh_hid.o
                0x08003f60                fifo_write
 .text.USBH_HID_EventCallback
                0x08003fc0        0x4 Middlewares/ST/STM32_USB_Host_Library/Class/HID/Src/usbh_hid.o
                0x08003fc0                USBH_HID_EventCallback
 .text.USBH_HID_Process
                0x08003fc4       0xc0 Middlewares/ST/STM32_USB_Host_Library/Class/HID/Src/usbh_hid.o
 .text.USBH_HID_KeybdDecode
                0x08004084       0xb8 Middlewares/ST/STM32_USB_Host_Library/Class/HID/Src/usbh_hid_keybd.o
 .text.USBH_HID_KeybdInit
                0x0800413c       0x54 Middlewares/ST/STM32_USB_Host_Library/Class/HID/Src/usbh_hid_keybd.o
                0x0800413c                USBH_HID_KeybdInit
 .text.USBH_HID_GetKeybdInfo
                0x08004190       0x14 Middlewares/ST/STM32_USB_Host_Library/Class/HID/Src/usbh_hid_keybd.o
                0x08004190                USBH_HID_GetKeybdInfo
 .text.USBH_HID_MouseInit
                0x080041a4       0x44 Middlewares/ST/STM32_USB_Host_Library/Class/HID/Src/usbh_hid_mouse.o
                0x080041a4                USBH_HID_MouseInit
 .text.HID_ReadItem
                0x080041e8       0x98 Middlewares/ST/STM32_USB_Host_Library/Class/HID/Src/usbh_hid_parser.o
                0x080041e8                HID_ReadItem
 .text.USBH_MSC_SOFProcess
                0x08004280        0x4 Middlewares/ST/STM32_USB_Host_Library/Class/MSC/Src/usbh_msc.o
 .text.USBH_MSC_Process
                0x08004284      0x2a8 Middlewares/ST/STM32_USB_Host_Library/Class/MSC/Src/usbh_msc.o
 .text.USBH_MSC_ClassRequest
                0x0800452c       0x64 Middlewares/ST/STM32_USB_Host_Library/Class/MSC/Src/usbh_msc.o
 .text.USBH_MSC_InterfaceDeInit
                0x08004590       0x4c Middlewares/ST/STM32_USB_Host_Library/Class/MSC/Src/usbh_msc.o
 .text.USBH_MSC_InterfaceInit
                0x080045dc      0x130 Middlewares/ST/STM32_USB_Host_Library/Class/MSC/Src/usbh_msc.o
 .text.USBH_MSC_DecodeCSW
                0x0800470c       0x50 Middlewares/ST/STM32_USB_Host_Library/Class/MSC/Src/usbh_msc_bot.o
 .text.USBH_MSC_BOT_Abort
                0x0800475c       0x24 Middlewares/ST/STM32_USB_Host_Library/Class/MSC/Src/usbh_msc_bot.o
 .text.USBH_MSC_BOT_REQ_Reset
                0x08004780       0x1c Middlewares/ST/STM32_USB_Host_Library/Class/MSC/Src/usbh_msc_bot.o
                0x08004780                USBH_MSC_BOT_REQ_Reset
 .text.USBH_MSC_BOT_REQ_GetMaxLUN
                0x0800479c       0x1c Middlewares/ST/STM32_USB_Host_Library/Class/MSC/Src/usbh_msc_bot.o
                0x0800479c                USBH_MSC_BOT_REQ_GetMaxLUN
 .text.USBH_MSC_BOT_Init
                0x080047b8       0x24 Middlewares/ST/STM32_USB_Host_Library/Class/MSC/Src/usbh_msc_bot.o
                0x080047b8                USBH_MSC_BOT_Init
 .text.USBH_MSC_BOT_Process
                0x080047dc      0x268 Middlewares/ST/STM32_USB_Host_Library/Class/MSC/Src/usbh_msc_bot.o
                0x080047dc                USBH_MSC_BOT_Process
 .text.USBH_MSC_SCSI_TestUnitReady
                0x08004a44       0x50 Middlewares/ST/STM32_USB_Host_Library/Class/MSC/Src/usbh_msc_scsi.o
                0x08004a44                USBH_MSC_SCSI_TestUnitReady
 .text.USBH_MSC_SCSI_ReadCapacity
                0x08004a94       0x90 Middlewares/ST/STM32_USB_Host_Library/Class/MSC/Src/usbh_msc_scsi.o
                0x08004a94                USBH_MSC_SCSI_ReadCapacity
 .text.USBH_MSC_SCSI_Inquiry
                0x08004b24       0xd0 Middlewares/ST/STM32_USB_Host_Library/Class/MSC/Src/usbh_msc_scsi.o
                0x08004b24                USBH_MSC_SCSI_Inquiry
 .text.USBH_MSC_SCSI_RequestSense
                0x08004bf4       0x94 Middlewares/ST/STM32_USB_Host_Library/Class/MSC/Src/usbh_msc_scsi.o
                0x08004bf4                USBH_MSC_SCSI_RequestSense
 .text.MTP_FindCtlEndpoint
                0x08004c88       0x78 Middlewares/ST/STM32_USB_Host_Library/Class/MTP/Src/usbh_mtp.o
 .text.MTP_FindDataOutEndpoint
                0x08004d00       0x74 Middlewares/ST/STM32_USB_Host_Library/Class/MTP/Src/usbh_mtp.o
 .text.MTP_FindDataInEndpoint
                0x08004d74       0x74 Middlewares/ST/STM32_USB_Host_Library/Class/MTP/Src/usbh_mtp.o
 .text.USBH_MTP_ClassRequest
                0x08004de8        0x4 Middlewares/ST/STM32_USB_Host_Library/Class/MTP/Src/usbh_mtp.o
 .text.USBH_MTP_SOFProcess
                0x08004dec        0x4 Middlewares/ST/STM32_USB_Host_Library/Class/MTP/Src/usbh_mtp.o
 .text.USBH_MTP_InterfaceDeInit
                0x08004df0       0x7c Middlewares/ST/STM32_USB_Host_Library/Class/MTP/Src/usbh_mtp.o
 .text.USBH_MTP_InterfaceInit
                0x08004e6c      0x184 Middlewares/ST/STM32_USB_Host_Library/Class/MTP/Src/usbh_mtp.o
 .text.USBH_MTP_EventsCallback
                0x08004ff0        0x4 Middlewares/ST/STM32_USB_Host_Library/Class/MTP/Src/usbh_mtp.o
                0x08004ff0                USBH_MTP_EventsCallback
 .text.MTP_DecodeEvent
                0x08004ff4       0x1c Middlewares/ST/STM32_USB_Host_Library/Class/MTP/Src/usbh_mtp.o
 .text.USBH_MTP_Events
                0x08005010       0x9c Middlewares/ST/STM32_USB_Host_Library/Class/MTP/Src/usbh_mtp.o
 .text.USBH_MTP_Process
                0x080050ac       0xe8 Middlewares/ST/STM32_USB_Host_Library/Class/MTP/Src/usbh_mtp.o
 .text.PTP_GetString
                0x08005194       0x28 Middlewares/ST/STM32_USB_Host_Library/Class/MTP/Src/usbh_mtp_ptp.o
 .text.PTP_GetStorageInfo
                0x080051bc      0x1b0 Middlewares/ST/STM32_USB_Host_Library/Class/MTP/Src/usbh_mtp_ptp.o
 .text.PTP_GetArray16
                0x0800536c       0x40 Middlewares/ST/STM32_USB_Host_Library/Class/MTP/Src/usbh_mtp_ptp.o
 .text.PTP_DecodeDeviceInfo
                0x080053ac      0x168 Middlewares/ST/STM32_USB_Host_Library/Class/MTP/Src/usbh_mtp_ptp.o
 .text.PTP_GetArray32
                0x08005514       0x50 Middlewares/ST/STM32_USB_Host_Library/Class/MTP/Src/usbh_mtp_ptp.o
 .text.PTP_GetStorageIDs
                0x08005564       0x1c Middlewares/ST/STM32_USB_Host_Library/Class/MTP/Src/usbh_mtp_ptp.o
 .text.PTP_BufferFullCallback
                0x08005580       0x84 Middlewares/ST/STM32_USB_Host_Library/Class/MTP/Src/usbh_mtp_ptp.o
 .text.USBH_PTP_Init
                0x08005604       0x18 Middlewares/ST/STM32_USB_Host_Library/Class/MTP/Src/usbh_mtp_ptp.o
                0x08005604                USBH_PTP_Init
 .text.USBH_PTP_SendRequest
                0x0800561c       0x68 Middlewares/ST/STM32_USB_Host_Library/Class/MTP/Src/usbh_mtp_ptp.o
                0x0800561c                USBH_PTP_SendRequest
 .text.USBH_PTP_GetResponse
                0x08005684       0x4c Middlewares/ST/STM32_USB_Host_Library/Class/MTP/Src/usbh_mtp_ptp.o
                0x08005684                USBH_PTP_GetResponse
 .text.USBH_PTP_Process
                0x080056d0      0x308 Middlewares/ST/STM32_USB_Host_Library/Class/MTP/Src/usbh_mtp_ptp.o
                0x080056d0                USBH_PTP_Process
 .text.USBH_PTP_OpenSession
                0x080059d8       0x68 Middlewares/ST/STM32_USB_Host_Library/Class/MTP/Src/usbh_mtp_ptp.o
                0x080059d8                USBH_PTP_OpenSession
 .text.USBH_PTP_GetDeviceInfo
                0x08005a40       0x9c Middlewares/ST/STM32_USB_Host_Library/Class/MTP/Src/usbh_mtp_ptp.o
                0x08005a40                USBH_PTP_GetDeviceInfo
 .text.USBH_PTP_GetStorageIds
                0x08005adc       0x9c Middlewares/ST/STM32_USB_Host_Library/Class/MTP/Src/usbh_mtp_ptp.o
                0x08005adc                USBH_PTP_GetStorageIds
 .text.USBH_PTP_GetStorageInfo
                0x08005b78       0xa0 Middlewares/ST/STM32_USB_Host_Library/Class/MTP/Src/usbh_mtp_ptp.o
                0x08005b78                USBH_PTP_GetStorageInfo
 .text.DeInitStateMachine
                0x08005c18       0x4c Middlewares/ST/STM32_USB_Host_Library/Core/Src/usbh_core.o
 .text.USBH_HandleSof
                0x08005c64       0x18 Middlewares/ST/STM32_USB_Host_Library/Core/Src/usbh_core.o
 .text.USBH_HandleEnum
                0x08005c7c      0x174 Middlewares/ST/STM32_USB_Host_Library/Core/Src/usbh_core.o
 .text.USBH_Init
                0x08005df0       0x30 Middlewares/ST/STM32_USB_Host_Library/Core/Src/usbh_core.o
                0x08005df0                USBH_Init
 .text.USBH_RegisterClass
                0x08005e20       0x28 Middlewares/ST/STM32_USB_Host_Library/Core/Src/usbh_core.o
                0x08005e20                USBH_RegisterClass
 .text.USBH_SelectInterface
                0x08005e48       0x14 Middlewares/ST/STM32_USB_Host_Library/Core/Src/usbh_core.o
                0x08005e48                USBH_SelectInterface
 .text.USBH_FindInterface
                0x08005e5c       0x50 Middlewares/ST/STM32_USB_Host_Library/Core/Src/usbh_core.o
                0x08005e5c                USBH_FindInterface
 .text.USBH_FindInterfaceIndex
                0x08005eac       0x34 Middlewares/ST/STM32_USB_Host_Library/Core/Src/usbh_core.o
                0x08005eac                USBH_FindInterfaceIndex
 .text.USBH_Start
                0x08005ee0       0x14 Middlewares/ST/STM32_USB_Host_Library/Core/Src/usbh_core.o
                0x08005ee0                USBH_Start
 .text.USBH_Process
                0x08005ef4      0x198 Middlewares/ST/STM32_USB_Host_Library/Core/Src/usbh_core.o
                0x08005ef4                USBH_Process
 .text.USBH_LL_SetTimer
                0x0800608c        0x8 Middlewares/ST/STM32_USB_Host_Library/Core/Src/usbh_core.o
                0x0800608c                USBH_LL_SetTimer
 .text.USBH_LL_IncTimer
                0x08006094       0x14 Middlewares/ST/STM32_USB_Host_Library/Core/Src/usbh_core.o
                0x08006094                USBH_LL_IncTimer
 .text.USBH_LL_Connect
                0x080060a8       0x2c Middlewares/ST/STM32_USB_Host_Library/Core/Src/usbh_core.o
                0x080060a8                USBH_LL_Connect
 .text.USBH_LL_Disconnect
                0x080060d4       0x38 Middlewares/ST/STM32_USB_Host_Library/Core/Src/usbh_core.o
                0x080060d4                USBH_LL_Disconnect
 .text.USBH_ParseDevDesc
                0x0800610c       0x5c Middlewares/ST/STM32_USB_Host_Library/Core/Src/usbh_ctlreq.o
 .text.USBH_ParseInterfaceDesc
                0x08006168       0x28 Middlewares/ST/STM32_USB_Host_Library/Core/Src/usbh_ctlreq.o
 .text.USBH_ParseEPDesc
                0x08006190       0x20 Middlewares/ST/STM32_USB_Host_Library/Core/Src/usbh_ctlreq.o
 .text.USBH_ParseStringDesc
                0x080061b0       0x30 Middlewares/ST/STM32_USB_Host_Library/Core/Src/usbh_ctlreq.o
 .text.USBH_HandleControl
                0x080061e0      0x1cc Middlewares/ST/STM32_USB_Host_Library/Core/Src/usbh_ctlreq.o
 .text.USBH_GetNextDesc
                0x080063ac       0x10 Middlewares/ST/STM32_USB_Host_Library/Core/Src/usbh_ctlreq.o
                0x080063ac                USBH_GetNextDesc
 .text.USBH_ParseCfgDesc
                0x080063bc       0xc8 Middlewares/ST/STM32_USB_Host_Library/Core/Src/usbh_ctlreq.o
 .text.USBH_CtlReq
                0x08006484       0x44 Middlewares/ST/STM32_USB_Host_Library/Core/Src/usbh_ctlreq.o
                0x08006484                USBH_CtlReq
 .text.USBH_GetDescriptor
                0x080064c8       0x3c Middlewares/ST/STM32_USB_Host_Library/Core/Src/usbh_ctlreq.o
                0x080064c8                USBH_GetDescriptor
 .text.USBH_Get_DevDesc
                0x08006504       0x30 Middlewares/ST/STM32_USB_Host_Library/Core/Src/usbh_ctlreq.o
                0x08006504                USBH_Get_DevDesc
 .text.USBH_Get_CfgDesc
                0x08006534       0x30 Middlewares/ST/STM32_USB_Host_Library/Core/Src/usbh_ctlreq.o
                0x08006534                USBH_Get_CfgDesc
 .text.USBH_Get_StringDesc
                0x08006564       0x30 Middlewares/ST/STM32_USB_Host_Library/Core/Src/usbh_ctlreq.o
                0x08006564                USBH_Get_StringDesc
 .text.USBH_SetAddress
                0x08006594       0x20 Middlewares/ST/STM32_USB_Host_Library/Core/Src/usbh_ctlreq.o
                0x08006594                USBH_SetAddress
 .text.USBH_SetCfg
                0x080065b4       0x20 Middlewares/ST/STM32_USB_Host_Library/Core/Src/usbh_ctlreq.o
                0x080065b4                USBH_SetCfg
 .text.USBH_SetInterface
                0x080065d4       0x20 Middlewares/ST/STM32_USB_Host_Library/Core/Src/usbh_ctlreq.o
                0x080065d4                USBH_SetInterface
 .text.USBH_ClrFeature
                0x080065f4       0x24 Middlewares/ST/STM32_USB_Host_Library/Core/Src/usbh_ctlreq.o
                0x080065f4                USBH_ClrFeature
 .text.USBH_CtlSendSetup
                0x08006618       0x24 Middlewares/ST/STM32_USB_Host_Library/Core/Src/usbh_ioreq.o
                0x08006618                USBH_CtlSendSetup
 .text.USBH_CtlSendData
                0x0800663c       0x2c Middlewares/ST/STM32_USB_Host_Library/Core/Src/usbh_ioreq.o
                0x0800663c                USBH_CtlSendData
 .text.USBH_CtlReceiveData
                0x08006668       0x20 Middlewares/ST/STM32_USB_Host_Library/Core/Src/usbh_ioreq.o
                0x08006668                USBH_CtlReceiveData
 .text.USBH_BulkSendData
                0x08006688       0x2c Middlewares/ST/STM32_USB_Host_Library/Core/Src/usbh_ioreq.o
                0x08006688                USBH_BulkSendData
 .text.USBH_BulkReceiveData
                0x080066b4       0x20 Middlewares/ST/STM32_USB_Host_Library/Core/Src/usbh_ioreq.o
                0x080066b4                USBH_BulkReceiveData
 .text.USBH_InterruptReceiveData
                0x080066d4       0x20 Middlewares/ST/STM32_USB_Host_Library/Core/Src/usbh_ioreq.o
                0x080066d4                USBH_InterruptReceiveData
 .text.USBH_IsocSendData
                0x080066f4       0x24 Middlewares/ST/STM32_USB_Host_Library/Core/Src/usbh_ioreq.o
                0x080066f4                USBH_IsocSendData
 .text.USBH_GetFreePipe
                0x08006718       0x28 Middlewares/ST/STM32_USB_Host_Library/Core/Src/usbh_pipes.o
 .text.USBH_OpenPipe
                0x08006740       0x20 Middlewares/ST/STM32_USB_Host_Library/Core/Src/usbh_pipes.o
                0x08006740                USBH_OpenPipe
 .text.USBH_ClosePipe
                0x08006760        0xc Middlewares/ST/STM32_USB_Host_Library/Core/Src/usbh_pipes.o
                0x08006760                USBH_ClosePipe
 .text.USBH_AllocPipe
                0x0800676c       0x24 Middlewares/ST/STM32_USB_Host_Library/Core/Src/usbh_pipes.o
                0x0800676c                USBH_AllocPipe
 .text.USBH_FreePipe
                0x08006790       0x18 Middlewares/ST/STM32_USB_Host_Library/Core/Src/usbh_pipes.o
                0x08006790                USBH_FreePipe
 .text.MX_GPIO_Init
                0x080067a8       0x68 Src/main.o
 .text.enqueueUSBByte
                0x08006810       0x18 Src/main.o
                0x08006810                enqueueUSBByte
 .text.enqueueUSBKey
                0x08006828       0x44 Src/main.o
                0x08006828                enqueueUSBKey
 .text.DWT_Init
                0x0800686c       0x24 Src/main.o
                0x0800686c                DWT_Init
 .text.DWT_Get  0x08006890        0xc Src/main.o
                0x08006890                DWT_Get
 .text.DWT_DelayUS
                0x0800689c       0x2c Src/main.o
                0x0800689c                DWT_DelayUS
 .text.enviarBytePS2
                0x080068c8      0x100 Src/main.o
                0x080068c8                enviarBytePS2
 .text.sendPS2Queue
                0x080069c8       0x28 Src/main.o
                0x080069c8                sendPS2Queue
 .text._Error_Handler
                0x080069f0        0x4 Src/main.o
                0x080069f0                _Error_Handler
 .text.MX_USART3_UART_Init
                0x080069f4       0x3c Src/main.o
 .text.SystemClock_Config
                0x08006a30       0xc0 Src/main.o
                0x08006a30                SystemClock_Config
 .text.main     0x08006af0      0x16c Src/main.o
                0x08006af0                main
 .text.HAL_MspInit
                0x08006c5c       0x90 Src/stm32f1xx_hal_msp.o
                0x08006c5c                HAL_MspInit
 .text.HAL_UART_MspInit
                0x08006cec       0x5c Src/stm32f1xx_hal_msp.o
                0x08006cec                HAL_UART_MspInit
 .text.NMI_Handler
                0x08006d48        0x4 Src/stm32f1xx_it.o
                0x08006d48                NMI_Handler
 .text.HardFault_Handler
                0x08006d4c        0x4 Src/stm32f1xx_it.o
                0x08006d4c                HardFault_Handler
 .text.MemManage_Handler
                0x08006d50        0x4 Src/stm32f1xx_it.o
                0x08006d50                MemManage_Handler
 .text.BusFault_Handler
                0x08006d54        0x4 Src/stm32f1xx_it.o
                0x08006d54                BusFault_Handler
 .text.UsageFault_Handler
                0x08006d58        0x4 Src/stm32f1xx_it.o
                0x08006d58                UsageFault_Handler
 .text.SVC_Handler
                0x08006d5c        0x4 Src/stm32f1xx_it.o
                0x08006d5c                SVC_Handler
 .text.DebugMon_Handler
                0x08006d60        0x4 Src/stm32f1xx_it.o
                0x08006d60                DebugMon_Handler
 .text.PendSV_Handler
                0x08006d64        0x4 Src/stm32f1xx_it.o
                0x08006d64                PendSV_Handler
 .text.SysTick_Handler
                0x08006d68        0xc Src/stm32f1xx_it.o
                0x08006d68                SysTick_Handler
 .text.OTG_FS_IRQHandler
                0x08006d74       0x10 Src/stm32f1xx_it.o
                0x08006d74                OTG_FS_IRQHandler
 .text.SystemInit
                0x08006d84       0x58 Src/system_stm32f1xx.o
                0x08006d84                SystemInit
 .text.USBH_UserProcess
                0x08006ddc       0x2c Src/usb_host.o
 .text.getUSBH_Handle
                0x08006e08        0x8 Src/usb_host.o
                0x08006e08                getUSBH_Handle
 .text.getAppliState
                0x08006e10        0xc Src/usb_host.o
                0x08006e10                getAppliState
 .text.MX_USB_HOST_Init
                0x08006e1c       0x5c Src/usb_host.o
                0x08006e1c                MX_USB_HOST_Init
 .text.MX_USB_HOST_Process
                0x08006e78       0x10 Src/usb_host.o
                0x08006e78                MX_USB_HOST_Process
 .text.HAL_HCD_MspInit
                0x08006e88       0x40 Src/usbh_conf.o
                0x08006e88                HAL_HCD_MspInit
 .text.HAL_HCD_SOF_Callback
                0x08006ec8        0xc Src/usbh_conf.o
                0x08006ec8                HAL_HCD_SOF_Callback
 .text.HAL_HCD_Connect_Callback
                0x08006ed4        0xc Src/usbh_conf.o
                0x08006ed4                HAL_HCD_Connect_Callback
 .text.HAL_HCD_Disconnect_Callback
                0x08006ee0        0xc Src/usbh_conf.o
                0x08006ee0                HAL_HCD_Disconnect_Callback
 .text.HAL_HCD_HC_NotifyURBChange_Callback
                0x08006eec        0x4 Src/usbh_conf.o
                0x08006eec                HAL_HCD_HC_NotifyURBChange_Callback
 .text.USBH_LL_Init
                0x08006ef0       0x54 Src/usbh_conf.o
                0x08006ef0                USBH_LL_Init
 .text.USBH_LL_Start
                0x08006f44       0x20 Src/usbh_conf.o
                0x08006f44                USBH_LL_Start
 .text.USBH_LL_Stop
                0x08006f64       0x20 Src/usbh_conf.o
                0x08006f64                USBH_LL_Stop
 .text.USBH_LL_GetSpeed
                0x08006f84       0x20 Src/usbh_conf.o
                0x08006f84                USBH_LL_GetSpeed
 .text.USBH_LL_ResetPort
                0x08006fa4       0x20 Src/usbh_conf.o
                0x08006fa4                USBH_LL_ResetPort
 .text.USBH_LL_GetLastXferSize
                0x08006fc4        0xc Src/usbh_conf.o
                0x08006fc4                USBH_LL_GetLastXferSize
 .text.USBH_LL_OpenPipe
                0x08006fd0       0x34 Src/usbh_conf.o
                0x08006fd0                USBH_LL_OpenPipe
 .text.USBH_LL_ClosePipe
                0x08007004       0x20 Src/usbh_conf.o
                0x08007004                USBH_LL_ClosePipe
 .text.USBH_LL_SubmitURB
                0x08007024       0x38 Src/usbh_conf.o
                0x08007024                USBH_LL_SubmitURB
 .text.USBH_LL_GetURBState
                0x0800705c        0xc Src/usbh_conf.o
                0x0800705c                USBH_LL_GetURBState
 .text.USBH_LL_DriverVBUS
                0x08007068        0xc Src/usbh_conf.o
                0x08007068                USBH_LL_DriverVBUS
 .text.USBH_LL_SetToggle
                0x08007074       0x34 Src/usbh_conf.o
                0x08007074                USBH_LL_SetToggle
 .text.USBH_LL_GetToggle
                0x080070a8       0x2c Src/usbh_conf.o
                0x080070a8                USBH_LL_GetToggle
 .text.USBH_Delay
                0x080070d4        0x8 Src/usbh_conf.o
                0x080070d4                USBH_Delay
 .text.Reset_Handler
                0x080070dc       0x44 startup/startup_stm32f105xc.o
                0x080070dc                Reset_Handler
 .text.Default_Handler
                0x08007120        0x2 startup/startup_stm32f105xc.o
                0x08007120                RTC_Alarm_IRQHandler
                0x08007120                EXTI2_IRQHandler
                0x08007120                TIM1_CC_IRQHandler
                0x08007120                TIM6_IRQHandler
                0x08007120                PVD_IRQHandler
                0x08007120                CAN2_RX1_IRQHandler
                0x08007120                EXTI3_IRQHandler
                0x08007120                EXTI0_IRQHandler
                0x08007120                I2C2_EV_IRQHandler
                0x08007120                CAN1_RX0_IRQHandler
                0x08007120                CAN2_SCE_IRQHandler
                0x08007120                ADC1_2_IRQHandler
                0x08007120                SPI1_IRQHandler
                0x08007120                TAMPER_IRQHandler
                0x08007120                CAN2_RX0_IRQHandler
                0x08007120                DMA2_Channel2_IRQHandler
                0x08007120                DMA1_Channel4_IRQHandler
                0x08007120                USART3_IRQHandler
                0x08007120                RTC_IRQHandler
                0x08007120                DMA1_Channel7_IRQHandler
                0x08007120                CAN1_RX1_IRQHandler
                0x08007120                UART5_IRQHandler
                0x08007120                TIM4_IRQHandler
                0x08007120                DMA2_Channel1_IRQHandler
                0x08007120                I2C1_EV_IRQHandler
                0x08007120                DMA1_Channel6_IRQHandler
                0x08007120                UART4_IRQHandler
                0x08007120                DMA2_Channel4_IRQHandler
                0x08007120                TIM3_IRQHandler
                0x08007120                RCC_IRQHandler
                0x08007120                TIM1_TRG_COM_IRQHandler
                0x08007120                DMA1_Channel1_IRQHandler
                0x08007120                Default_Handler
                0x08007120                EXTI15_10_IRQHandler
                0x08007120                TIM7_IRQHandler
                0x08007120                CAN2_TX_IRQHandler
                0x08007120                TIM5_IRQHandler
                0x08007120                EXTI9_5_IRQHandler
                0x08007120                SPI2_IRQHandler
                0x08007120                CAN1_TX_IRQHandler
                0x08007120                DMA2_Channel5_IRQHandler
                0x08007120                DMA1_Channel5_IRQHandler
                0x08007120                EXTI4_IRQHandler
                0x08007120                DMA1_Channel3_IRQHandler
                0x08007120                TIM1_UP_IRQHandler
                0x08007120                WWDG_IRQHandler
                0x08007120                TIM2_IRQHandler
                0x08007120                OTG_FS_WKUP_IRQHandler
                0x08007120                TIM1_BRK_IRQHandler
                0x08007120                EXTI1_IRQHandler
                0x08007120                USART2_IRQHandler
                0x08007120                I2C2_ER_IRQHandler
                0x08007120                DMA1_Channel2_IRQHandler
                0x08007120                CAN1_SCE_IRQHandler
                0x08007120                FLASH_IRQHandler
                0x08007120                USART1_IRQHandler
                0x08007120                SPI3_IRQHandler
                0x08007120                I2C1_ER_IRQHandler
                0x08007120                DMA2_Channel3_IRQHandler
 *fill*         0x08007122        0x2 
 .text.malloc   0x08007124       0x10 /home/yombo/soft/stm32/SystemWorkbench/plugins/fr.ac6.mcu.externaltools.arm-none.linux64_1.13.1.201703061524/tools/compiler/bin/../lib/gcc/arm-none-eabi/5.4.1/../../../../arm-none-eabi/lib/armv7-m/libc_nano.a(lib_a-malloc.o)
                0x08007124                malloc
 .text.free     0x08007134       0x10 /home/yombo/soft/stm32/SystemWorkbench/plugins/fr.ac6.mcu.externaltools.arm-none.linux64_1.13.1.201703061524/tools/compiler/bin/../lib/gcc/arm-none-eabi/5.4.1/../../../../arm-none-eabi/lib/armv7-m/libc_nano.a(lib_a-malloc.o)
                0x08007134                free
 .text.memcpy   0x08007144       0x16 /home/yombo/soft/stm32/SystemWorkbench/plugins/fr.ac6.mcu.externaltools.arm-none.linux64_1.13.1.201703061524/tools/compiler/bin/../lib/gcc/arm-none-eabi/5.4.1/../../../../arm-none-eabi/lib/armv7-m/libc_nano.a(lib_a-memcpy-stub.o)
                0x08007144                memcpy
 .text.memset   0x0800715a       0x10 /home/yombo/soft/stm32/SystemWorkbench/plugins/fr.ac6.mcu.externaltools.arm-none.linux64_1.13.1.201703061524/tools/compiler/bin/../lib/gcc/arm-none-eabi/5.4.1/../../../../arm-none-eabi/lib/armv7-m/libc_nano.a(lib_a-memset.o)
                0x0800715a                memset
 *fill*         0x0800716a        0x2 
 .text._free_r  0x0800716c       0x98 /home/yombo/soft/stm32/SystemWorkbench/plugins/fr.ac6.mcu.externaltools.arm-none.linux64_1.13.1.201703061524/tools/compiler/bin/../lib/gcc/arm-none-eabi/5.4.1/../../../../arm-none-eabi/lib/armv7-m/libc_nano.a(lib_a-nano-freer.o)
                0x0800716c                _free_r
 .text._malloc_r
                0x08007204       0xbc /home/yombo/soft/stm32/SystemWorkbench/plugins/fr.ac6.mcu.externaltools.arm-none.linux64_1.13.1.201703061524/tools/compiler/bin/../lib/gcc/arm-none-eabi/5.4.1/../../../../arm-none-eabi/lib/armv7-m/libc_nano.a(lib_a-nano-mallocr.o)
                0x08007204                _malloc_r
 .text._sbrk_r  0x080072c0       0x20 /home/yombo/soft/stm32/SystemWorkbench/plugins/fr.ac6.mcu.externaltools.arm-none.linux64_1.13.1.201703061524/tools/compiler/bin/../lib/gcc/arm-none-eabi/5.4.1/../../../../arm-none-eabi/lib/armv7-m/libc_nano.a(lib_a-sbrkr.o)
                0x080072c0                _sbrk_r
 .text.__malloc_lock
                0x080072e0        0x2 /home/yombo/soft/stm32/SystemWorkbench/plugins/fr.ac6.mcu.externaltools.arm-none.linux64_1.13.1.201703061524/tools/compiler/bin/../lib/gcc/arm-none-eabi/5.4.1/../../../../arm-none-eabi/lib/armv7-m/libc_nano.a(lib_a-mlock.o)
                0x080072e0                __malloc_lock
 .text.__malloc_unlock
                0x080072e2        0x2 /home/yombo/soft/stm32/SystemWorkbench/plugins/fr.ac6.mcu.externaltools.arm-none.linux64_1.13.1.201703061524/tools/compiler/bin/../lib/gcc/arm-none-eabi/5.4.1/../../../../arm-none-eabi/lib/armv7-m/libc_nano.a(lib_a-mlock.o)
                0x080072e2                __malloc_unlock
 .text._sbrk    0x080072e4       0x1c /home/yombo/soft/stm32/SystemWorkbench/plugins/fr.ac6.mcu.externaltools.arm-none.linux64_1.13.1.201703061524/tools/compiler/bin/../lib/gcc/arm-none-eabi/5.4.1/../../../../arm-none-eabi/lib/armv7-m/libnosys.a(sbrk.o)
                0x080072e4                _sbrk
 *(.glue_7)
 .glue_7        0x08007300        0x0 linker stubs
 *(.glue_7t)
 .glue_7t       0x08007300        0x0 linker stubs
 *(.eh_frame)
 .eh_frame      0x08007300        0x0 /home/yombo/soft/stm32/SystemWorkbench/plugins/fr.ac6.mcu.externaltools.arm-none.linux64_1.13.1.201703061524/tools/compiler/bin/../lib/gcc/arm-none-eabi/5.4.1/armv7-m/crtbegin.o
 *(.init)
 .init          0x08007300        0x4 /home/yombo/soft/stm32/SystemWorkbench/plugins/fr.ac6.mcu.externaltools.arm-none.linux64_1.13.1.201703061524/tools/compiler/bin/../lib/gcc/arm-none-eabi/5.4.1/armv7-m/crti.o
                0x08007300                _init
 .init          0x08007304        0x8 /home/yombo/soft/stm32/SystemWorkbench/plugins/fr.ac6.mcu.externaltools.arm-none.linux64_1.13.1.201703061524/tools/compiler/bin/../lib/gcc/arm-none-eabi/5.4.1/armv7-m/crtn.o
 *(.fini)
 .fini          0x0800730c        0x4 /home/yombo/soft/stm32/SystemWorkbench/plugins/fr.ac6.mcu.externaltools.arm-none.linux64_1.13.1.201703061524/tools/compiler/bin/../lib/gcc/arm-none-eabi/5.4.1/armv7-m/crti.o
                0x0800730c                _fini
 .fini          0x08007310        0x8 /home/yombo/soft/stm32/SystemWorkbench/plugins/fr.ac6.mcu.externaltools.arm-none.linux64_1.13.1.201703061524/tools/compiler/bin/../lib/gcc/arm-none-eabi/5.4.1/armv7-m/crtn.o
                0x08007318                . = ALIGN (0x4)
                0x08007318                _etext = .

.vfp11_veneer   0x08007318        0x0
 .vfp11_veneer  0x08007318        0x0 linker stubs

.v4_bx          0x08007318        0x0
 .v4_bx         0x08007318        0x0 linker stubs

.iplt           0x08007318        0x0
 .iplt          0x08007318        0x0 /home/yombo/soft/stm32/SystemWorkbench/plugins/fr.ac6.mcu.externaltools.arm-none.linux64_1.13.1.201703061524/tools/compiler/bin/../lib/gcc/arm-none-eabi/5.4.1/armv7-m/crtbegin.o

.rodata         0x08007318      0x538
                0x08007318                . = ALIGN (0x4)
 *(.rodata)
 .rodata        0x08007318       0x1c Drivers/STM32F1xx_HAL_Driver/Src/stm32f1xx_hal_rcc.o
 .rodata        0x08007334      0x30e Middlewares/ST/STM32_USB_Host_Library/Class/HID/Src/usbh_hid_keybd.o
 *fill*         0x08007642        0x2 
 .rodata        0x08007644      0x1b8 Src/main.o
                0x08007644                translationTableUSBToPS2
                0x08007744                ScanCodes2
                0x080077a0                ScanCodes1
 .rodata        0x080077fc       0x18 Src/system_stm32f1xx.o
                0x080077fc                AHBPrescTable
                0x0800780c                APBPrescTable
 *(.rodata*)
 .rodata.str1.4
                0x08007814        0x6 Middlewares/ST/STM32_USB_Host_Library/Class/AUDIO/Src/usbh_audio.o
 *fill*         0x0800781a        0x2 
 .rodata.str1.4
                0x0800781c        0x4 Middlewares/ST/STM32_USB_Host_Library/Class/CDC/Src/usbh_cdc.o
 .rodata.str1.4
                0x08007820        0x4 Middlewares/ST/STM32_USB_Host_Library/Class/HID/Src/usbh_hid.o
 .rodata.str1.4
                0x08007824        0x4 Middlewares/ST/STM32_USB_Host_Library/Class/MSC/Src/usbh_msc.o
 .rodata.str1.4
                0x08007828        0x4 Middlewares/ST/STM32_USB_Host_Library/Class/MTP/Src/usbh_mtp.o
 .rodata.str1.4
                0x0800782c        0xe Src/main.o
 *fill*         0x0800783a        0x2 
 .rodata.str1.4
                0x0800783c       0x14 Src/usbh_conf.o
                                 0x13 (size before relaxing)
                0x08007850                . = ALIGN (0x4)

.rel.dyn        0x08007850        0x0
 .rel.iplt      0x08007850        0x0 /home/yombo/soft/stm32/SystemWorkbench/plugins/fr.ac6.mcu.externaltools.arm-none.linux64_1.13.1.201703061524/tools/compiler/bin/../lib/gcc/arm-none-eabi/5.4.1/armv7-m/crtbegin.o

.ARM.extab
 *(.ARM.extab* .gnu.linkonce.armextab.*)

.ARM            0x08007850        0x0
                0x08007850                __exidx_start = .
 *(.ARM.exidx*)
                0x08007850                __exidx_end = .

.preinit_array  0x08007850        0x0
                0x08007850                PROVIDE (__preinit_array_start, .)
 *(.preinit_array*)
                0x08007850                PROVIDE (__preinit_array_end, .)

.init_array     0x08007850        0x4
                0x08007850                PROVIDE (__init_array_start, .)
 *(SORT(.init_array.*))
 *(.init_array*)
 .init_array    0x08007850        0x4 /home/yombo/soft/stm32/SystemWorkbench/plugins/fr.ac6.mcu.externaltools.arm-none.linux64_1.13.1.201703061524/tools/compiler/bin/../lib/gcc/arm-none-eabi/5.4.1/armv7-m/crtbegin.o
                0x08007854                PROVIDE (__init_array_end, .)

.fini_array     0x08007854        0x4
                [!provide]                PROVIDE (__fini_array_start, .)
 *(SORT(.fini_array.*))
 *(.fini_array*)
 .fini_array    0x08007854        0x4 /home/yombo/soft/stm32/SystemWorkbench/plugins/fr.ac6.mcu.externaltools.arm-none.linux64_1.13.1.201703061524/tools/compiler/bin/../lib/gcc/arm-none-eabi/5.4.1/armv7-m/crtbegin.o
                [!provide]                PROVIDE (__fini_array_end, .)
                0x08007858                _sidata = LOADADDR (.data)

.data           0x20000000      0x108 load address 0x08007858
                0x20000000                . = ALIGN (0x4)
                0x20000000                _sdata = .
 *(.data)
 .data          0x20000000       0x20 Middlewares/ST/STM32_USB_Host_Library/Class/AUDIO/Src/usbh_audio.o
                0x20000000                AUDIO_Class
 .data          0x20000020       0x20 Middlewares/ST/STM32_USB_Host_Library/Class/CDC/Src/usbh_cdc.o
                0x20000020                CDC_Class
 .data          0x20000040       0x20 Middlewares/ST/STM32_USB_Host_Library/Class/HID/Src/usbh_hid.o
                0x20000040                HID_Class
 .data          0x20000060       0x20 Middlewares/ST/STM32_USB_Host_Library/Class/MSC/Src/usbh_msc.o
                0x20000060                USBH_msc
 .data          0x20000080       0x20 Middlewares/ST/STM32_USB_Host_Library/Class/MTP/Src/usbh_mtp.o
                0x20000080                MTP_Class
 .data          0x200000a0        0x4 Src/system_stm32f1xx.o
                0x200000a0                SystemCoreClock
 *(.data*)
 .data.impure_data
                0x200000a4       0x60 /home/yombo/soft/stm32/SystemWorkbench/plugins/fr.ac6.mcu.externaltools.arm-none.linux64_1.13.1.201703061524/tools/compiler/bin/../lib/gcc/arm-none-eabi/5.4.1/../../../../arm-none-eabi/lib/armv7-m/libc_nano.a(lib_a-impure.o)
 .data._impure_ptr
                0x20000104        0x4 /home/yombo/soft/stm32/SystemWorkbench/plugins/fr.ac6.mcu.externaltools.arm-none.linux64_1.13.1.201703061524/tools/compiler/bin/../lib/gcc/arm-none-eabi/5.4.1/../../../../arm-none-eabi/lib/armv7-m/libc_nano.a(lib_a-impure.o)
                0x20000104                _impure_ptr
                0x20000108                . = ALIGN (0x4)
                0x20000108                _edata = .

.jcr            0x20000108        0x0 load address 0x08007960
 .jcr           0x20000108        0x0 /home/yombo/soft/stm32/SystemWorkbench/plugins/fr.ac6.mcu.externaltools.arm-none.linux64_1.13.1.201703061524/tools/compiler/bin/../lib/gcc/arm-none-eabi/5.4.1/armv7-m/crtbegin.o

.igot.plt       0x20000108        0x0 load address 0x08007960
 .igot.plt      0x20000108        0x0 /home/yombo/soft/stm32/SystemWorkbench/plugins/fr.ac6.mcu.externaltools.arm-none.linux64_1.13.1.201703061524/tools/compiler/bin/../lib/gcc/arm-none-eabi/5.4.1/armv7-m/crtbegin.o
                0x20000108                . = ALIGN (0x4)

.bss            0x20000108      0x8ec load address 0x08007960
                0x20000108                _sbss = .
                0x20000108                __bss_start__ = _sbss
 *(.bss)
 .bss           0x20000108       0x1c /home/yombo/soft/stm32/SystemWorkbench/plugins/fr.ac6.mcu.externaltools.arm-none.linux64_1.13.1.201703061524/tools/compiler/bin/../lib/gcc/arm-none-eabi/5.4.1/armv7-m/crtbegin.o
 .bss           0x20000124        0x4 Drivers/STM32F1xx_HAL_Driver/Src/stm32f1xx_hal.o
 .bss           0x20000128        0x4 Src/main.o
                0x20000128                numBytesInQueue
 .bss           0x2000012c        0x1 Src/usb_host.o
                0x2000012c                Appli_state
 *(.bss*)
 *fill*         0x2000012d        0x3 
 .bss.__malloc_sbrk_start
                0x20000130        0x4 /home/yombo/soft/stm32/SystemWorkbench/plugins/fr.ac6.mcu.externaltools.arm-none.linux64_1.13.1.201703061524/tools/compiler/bin/../lib/gcc/arm-none-eabi/5.4.1/../../../../arm-none-eabi/lib/armv7-m/libc_nano.a(lib_a-nano-mallocr.o)
                0x20000130                __malloc_sbrk_start
 .bss.__malloc_free_list
                0x20000134        0x4 /home/yombo/soft/stm32/SystemWorkbench/plugins/fr.ac6.mcu.externaltools.arm-none.linux64_1.13.1.201703061524/tools/compiler/bin/../lib/gcc/arm-none-eabi/5.4.1/../../../../arm-none-eabi/lib/armv7-m/libc_nano.a(lib_a-nano-mallocr.o)
                0x20000134                __malloc_free_list
 .bss.heap_end.4167
                0x20000138        0x4 /home/yombo/soft/stm32/SystemWorkbench/plugins/fr.ac6.mcu.externaltools.arm-none.linux64_1.13.1.201703061524/tools/compiler/bin/../lib/gcc/arm-none-eabi/5.4.1/../../../../arm-none-eabi/lib/armv7-m/libnosys.a(sbrk.o)
 *(COMMON)
 COMMON         0x2000013c       0x17 Middlewares/ST/STM32_USB_Host_Library/Class/HID/Src/usbh_hid_keybd.o
                0x2000013c                keybd_report_data
                0x20000144                keybd_info
 *fill*         0x20000153        0x1 
 COMMON         0x20000154        0xc Middlewares/ST/STM32_USB_Host_Library/Class/HID/Src/usbh_hid_mouse.o
                0x20000154                mouse_info
                0x2000015c                mouse_report_data
 COMMON         0x20000160       0x73 Src/main.o
                0x20000160                huart3
                0x200001a0                controlKeysPressed
                0x200001a4                keysPressed
                0x200001ac                keyCodeQueue
 *fill*         0x200001d3        0x1 
 COMMON         0x200001d4      0x598 Src/usb_host.o
                0x200001d4                hUsbHostFS
 COMMON         0x2000076c      0x284 Src/usbh_conf.o
                0x2000076c                hhcd_USB_OTG_FS
 COMMON         0x200009f0        0x4 /home/yombo/soft/stm32/SystemWorkbench/plugins/fr.ac6.mcu.externaltools.arm-none.linux64_1.13.1.201703061524/tools/compiler/bin/../lib/gcc/arm-none-eabi/5.4.1/../../../../arm-none-eabi/lib/armv7-m/libc_nano.a(lib_a-reent.o)
                0x200009f0                errno
                0x200009f4                . = ALIGN (0x4)
                0x200009f4                _ebss = .
                0x200009f4                __bss_end__ = _ebss

._user_heap_stack
                0x200009f4      0x604 load address 0x08007960
                0x200009f8                . = ALIGN (0x8)
 *fill*         0x200009f4        0x4 
                0x200009f8                PROVIDE (end, .)
                [!provide]                PROVIDE (_end, .)
                0x20000bf8                . = (. + _Min_Heap_Size)
 *fill*         0x200009f8      0x200 
                0x20000ff8                . = (. + _Min_Stack_Size)
 *fill*         0x20000bf8      0x400 
                0x20000ff8                . = ALIGN (0x8)

/DISCARD/
 libc.a(*)
 libm.a(*)
 libgcc.a(*)

.ARM.attributes
                0x00000000       0x29
 *(.ARM.attributes)
 .ARM.attributes
                0x00000000       0x1d /home/yombo/soft/stm32/SystemWorkbench/plugins/fr.ac6.mcu.externaltools.arm-none.linux64_1.13.1.201703061524/tools/compiler/bin/../lib/gcc/arm-none-eabi/5.4.1/armv7-m/crti.o
 .ARM.attributes
                0x0000001d       0x2d /home/yombo/soft/stm32/SystemWorkbench/plugins/fr.ac6.mcu.externaltools.arm-none.linux64_1.13.1.201703061524/tools/compiler/bin/../lib/gcc/arm-none-eabi/5.4.1/armv7-m/crtbegin.o
 .ARM.attributes
                0x0000004a       0x33 Drivers/STM32F1xx_HAL_Driver/Src/stm32f1xx_hal.o
 .ARM.attributes
                0x0000007d       0x33 Drivers/STM32F1xx_HAL_Driver/Src/stm32f1xx_hal_cortex.o
 .ARM.attributes
                0x000000b0       0x33 Drivers/STM32F1xx_HAL_Driver/Src/stm32f1xx_hal_gpio.o
 .ARM.attributes
                0x000000e3       0x33 Drivers/STM32F1xx_HAL_Driver/Src/stm32f1xx_hal_hcd.o
 .ARM.attributes
                0x00000116       0x33 Drivers/STM32F1xx_HAL_Driver/Src/stm32f1xx_hal_rcc.o
 .ARM.attributes
                0x00000149       0x33 Drivers/STM32F1xx_HAL_Driver/Src/stm32f1xx_hal_rcc_ex.o
 .ARM.attributes
                0x0000017c       0x33 Drivers/STM32F1xx_HAL_Driver/Src/stm32f1xx_hal_uart.o
 .ARM.attributes
                0x000001af       0x33 Drivers/STM32F1xx_HAL_Driver/Src/stm32f1xx_ll_usb.o
 .ARM.attributes
                0x000001e2       0x33 Middlewares/ST/STM32_USB_Host_Library/Class/AUDIO/Src/usbh_audio.o
 .ARM.attributes
                0x00000215       0x33 Middlewares/ST/STM32_USB_Host_Library/Class/CDC/Src/usbh_cdc.o
 .ARM.attributes
                0x00000248       0x33 Middlewares/ST/STM32_USB_Host_Library/Class/HID/Src/usbh_hid.o
 .ARM.attributes
                0x0000027b       0x33 Middlewares/ST/STM32_USB_Host_Library/Class/HID/Src/usbh_hid_keybd.o
 .ARM.attributes
                0x000002ae       0x33 Middlewares/ST/STM32_USB_Host_Library/Class/HID/Src/usbh_hid_mouse.o
 .ARM.attributes
                0x000002e1       0x33 Middlewares/ST/STM32_USB_Host_Library/Class/HID/Src/usbh_hid_parser.o
 .ARM.attributes
                0x00000314       0x33 Middlewares/ST/STM32_USB_Host_Library/Class/MSC/Src/usbh_msc.o
 .ARM.attributes
                0x00000347       0x33 Middlewares/ST/STM32_USB_Host_Library/Class/MSC/Src/usbh_msc_bot.o
 .ARM.attributes
                0x0000037a       0x33 Middlewares/ST/STM32_USB_Host_Library/Class/MSC/Src/usbh_msc_scsi.o
 .ARM.attributes
                0x000003ad       0x33 Middlewares/ST/STM32_USB_Host_Library/Class/MTP/Src/usbh_mtp.o
 .ARM.attributes
                0x000003e0       0x33 Middlewares/ST/STM32_USB_Host_Library/Class/MTP/Src/usbh_mtp_ptp.o
 .ARM.attributes
                0x00000413       0x33 Middlewares/ST/STM32_USB_Host_Library/Core/Src/usbh_core.o
 .ARM.attributes
                0x00000446       0x33 Middlewares/ST/STM32_USB_Host_Library/Core/Src/usbh_ctlreq.o
 .ARM.attributes
                0x00000479       0x33 Middlewares/ST/STM32_USB_Host_Library/Core/Src/usbh_ioreq.o
 .ARM.attributes
                0x000004ac       0x33 Middlewares/ST/STM32_USB_Host_Library/Core/Src/usbh_pipes.o
 .ARM.attributes
                0x000004df       0x33 Src/main.o
 .ARM.attributes
                0x00000512       0x33 Src/stm32f1xx_hal_msp.o
 .ARM.attributes
                0x00000545       0x33 Src/stm32f1xx_it.o
 .ARM.attributes
                0x00000578       0x33 Src/system_stm32f1xx.o
 .ARM.attributes
                0x000005ab       0x33 Src/usb_host.o
 .ARM.attributes
                0x000005de       0x33 Src/usbh_conf.o
 .ARM.attributes
                0x00000611       0x21 startup/startup_stm32f105xc.o
 .ARM.attributes
                0x00000632       0x2d /home/yombo/soft/stm32/SystemWorkbench/plugins/fr.ac6.mcu.externaltools.arm-none.linux64_1.13.1.201703061524/tools/compiler/bin/../lib/gcc/arm-none-eabi/5.4.1/../../../../arm-none-eabi/lib/armv7-m/libc_nano.a(lib_a-impure.o)
 .ARM.attributes
                0x0000065f       0x2d /home/yombo/soft/stm32/SystemWorkbench/plugins/fr.ac6.mcu.externaltools.arm-none.linux64_1.13.1.201703061524/tools/compiler/bin/../lib/gcc/arm-none-eabi/5.4.1/../../../../arm-none-eabi/lib/armv7-m/libc_nano.a(lib_a-malloc.o)
 .ARM.attributes
                0x0000068c       0x2d /home/yombo/soft/stm32/SystemWorkbench/plugins/fr.ac6.mcu.externaltools.arm-none.linux64_1.13.1.201703061524/tools/compiler/bin/../lib/gcc/arm-none-eabi/5.4.1/../../../../arm-none-eabi/lib/armv7-m/libc_nano.a(lib_a-memcpy-stub.o)
 .ARM.attributes
                0x000006b9       0x2d /home/yombo/soft/stm32/SystemWorkbench/plugins/fr.ac6.mcu.externaltools.arm-none.linux64_1.13.1.201703061524/tools/compiler/bin/../lib/gcc/arm-none-eabi/5.4.1/../../../../arm-none-eabi/lib/armv7-m/libc_nano.a(lib_a-memset.o)
 .ARM.attributes
                0x000006e6       0x2d /home/yombo/soft/stm32/SystemWorkbench/plugins/fr.ac6.mcu.externaltools.arm-none.linux64_1.13.1.201703061524/tools/compiler/bin/../lib/gcc/arm-none-eabi/5.4.1/../../../../arm-none-eabi/lib/armv7-m/libc_nano.a(lib_a-nano-freer.o)
 .ARM.attributes
                0x00000713       0x2d /home/yombo/soft/stm32/SystemWorkbench/plugins/fr.ac6.mcu.externaltools.arm-none.linux64_1.13.1.201703061524/tools/compiler/bin/../lib/gcc/arm-none-eabi/5.4.1/../../../../arm-none-eabi/lib/armv7-m/libc_nano.a(lib_a-nano-mallocr.o)
 .ARM.attributes
                0x00000740       0x2d /home/yombo/soft/stm32/SystemWorkbench/plugins/fr.ac6.mcu.externaltools.arm-none.linux64_1.13.1.201703061524/tools/compiler/bin/../lib/gcc/arm-none-eabi/5.4.1/../../../../arm-none-eabi/lib/armv7-m/libc_nano.a(lib_a-sbrkr.o)
 .ARM.attributes
                0x0000076d       0x2d /home/yombo/soft/stm32/SystemWorkbench/plugins/fr.ac6.mcu.externaltools.arm-none.linux64_1.13.1.201703061524/tools/compiler/bin/../lib/gcc/arm-none-eabi/5.4.1/../../../../arm-none-eabi/lib/armv7-m/libc_nano.a(lib_a-mlock.o)
 .ARM.attributes
                0x0000079a       0x2d /home/yombo/soft/stm32/SystemWorkbench/plugins/fr.ac6.mcu.externaltools.arm-none.linux64_1.13.1.201703061524/tools/compiler/bin/../lib/gcc/arm-none-eabi/5.4.1/../../../../arm-none-eabi/lib/armv7-m/libc_nano.a(lib_a-reent.o)
 .ARM.attributes
                0x000007c7       0x2d /home/yombo/soft/stm32/SystemWorkbench/plugins/fr.ac6.mcu.externaltools.arm-none.linux64_1.13.1.201703061524/tools/compiler/bin/../lib/gcc/arm-none-eabi/5.4.1/../../../../arm-none-eabi/lib/armv7-m/libnosys.a(sbrk.o)
 .ARM.attributes
                0x000007f4       0x1d /home/yombo/soft/stm32/SystemWorkbench/plugins/fr.ac6.mcu.externaltools.arm-none.linux64_1.13.1.201703061524/tools/compiler/bin/../lib/gcc/arm-none-eabi/5.4.1/armv7-m/crtn.o
OUTPUT(PruebaUSB6.elf elf32-littlearm)

.debug_info     0x00000000    0x204f1
 .debug_info    0x00000000      0x713 Drivers/STM32F1xx_HAL_Driver/Src/stm32f1xx_hal.o
 .debug_info    0x00000713      0xc93 Drivers/STM32F1xx_HAL_Driver/Src/stm32f1xx_hal_cortex.o
 .debug_info    0x000013a6      0x622 Drivers/STM32F1xx_HAL_Driver/Src/stm32f1xx_hal_gpio.o
 .debug_info    0x000019c8     0x1077 Drivers/STM32F1xx_HAL_Driver/Src/stm32f1xx_hal_hcd.o
 .debug_info    0x00002a3f     0x1588 Drivers/STM32F1xx_HAL_Driver/Src/stm32f1xx_hal_rcc.o
 .debug_info    0x00003fc7      0xccc Drivers/STM32F1xx_HAL_Driver/Src/stm32f1xx_hal_rcc_ex.o
 .debug_info    0x00004c93     0x10f5 Drivers/STM32F1xx_HAL_Driver/Src/stm32f1xx_hal_uart.o
 .debug_info    0x00005d88     0x1555 Drivers/STM32F1xx_HAL_Driver/Src/stm32f1xx_ll_usb.o
 .debug_info    0x000072dd     0x299e Middlewares/ST/STM32_USB_Host_Library/Class/AUDIO/Src/usbh_audio.o
 .debug_info    0x00009c7b     0x15bd Middlewares/ST/STM32_USB_Host_Library/Class/CDC/Src/usbh_cdc.o
 .debug_info    0x0000b238     0x143b Middlewares/ST/STM32_USB_Host_Library/Class/HID/Src/usbh_hid.o
 .debug_info    0x0000c673      0xfb0 Middlewares/ST/STM32_USB_Host_Library/Class/HID/Src/usbh_hid_keybd.o
 .debug_info    0x0000d623      0xde5 Middlewares/ST/STM32_USB_Host_Library/Class/HID/Src/usbh_hid_mouse.o
 .debug_info    0x0000e408      0x297 Middlewares/ST/STM32_USB_Host_Library/Class/HID/Src/usbh_hid_parser.o
 .debug_info    0x0000e69f     0x15a2 Middlewares/ST/STM32_USB_Host_Library/Class/MSC/Src/usbh_msc.o
 .debug_info    0x0000fc41     0x121a Middlewares/ST/STM32_USB_Host_Library/Class/MSC/Src/usbh_msc_bot.o
 .debug_info    0x00010e5b     0x1102 Middlewares/ST/STM32_USB_Host_Library/Class/MSC/Src/usbh_msc_scsi.o
 .debug_info    0x00011f5d     0x253a Middlewares/ST/STM32_USB_Host_Library/Class/MTP/Src/usbh_mtp.o
 .debug_info    0x00014497     0x2ada Middlewares/ST/STM32_USB_Host_Library/Class/MTP/Src/usbh_mtp_ptp.o
 .debug_info    0x00016f71     0x1239 Middlewares/ST/STM32_USB_Host_Library/Core/Src/usbh_core.o
 .debug_info    0x000181aa     0x1183 Middlewares/ST/STM32_USB_Host_Library/Core/Src/usbh_ctlreq.o
 .debug_info    0x0001932d      0xddd Middlewares/ST/STM32_USB_Host_Library/Core/Src/usbh_ioreq.o
 .debug_info    0x0001a10a      0xa86 Middlewares/ST/STM32_USB_Host_Library/Core/Src/usbh_pipes.o
 .debug_info    0x0001ab90     0x21cd Src/main.o
 .debug_info    0x0001cd5d      0xa0c Src/stm32f1xx_hal_msp.o
 .debug_info    0x0001d769      0x61b Src/stm32f1xx_it.o
 .debug_info    0x0001dd84      0x42c Src/system_stm32f1xx.o
 .debug_info    0x0001e1b0      0xa9c Src/usb_host.o
 .debug_info    0x0001ec4c     0x1824 Src/usbh_conf.o
 .debug_info    0x00020470       0x81 startup/startup_stm32f105xc.o

.debug_abbrev   0x00000000     0x498e
 .debug_abbrev  0x00000000      0x21f Drivers/STM32F1xx_HAL_Driver/Src/stm32f1xx_hal.o
 .debug_abbrev  0x0000021f      0x2bd Drivers/STM32F1xx_HAL_Driver/Src/stm32f1xx_hal_cortex.o
 .debug_abbrev  0x000004dc      0x1cd Drivers/STM32F1xx_HAL_Driver/Src/stm32f1xx_hal_gpio.o
 .debug_abbrev  0x000006a9      0x249 Drivers/STM32F1xx_HAL_Driver/Src/stm32f1xx_hal_hcd.o
 .debug_abbrev  0x000008f2      0x287 Drivers/STM32F1xx_HAL_Driver/Src/stm32f1xx_hal_rcc.o
 .debug_abbrev  0x00000b79      0x233 Drivers/STM32F1xx_HAL_Driver/Src/stm32f1xx_hal_rcc_ex.o
 .debug_abbrev  0x00000dac      0x228 Drivers/STM32F1xx_HAL_Driver/Src/stm32f1xx_hal_uart.o
 .debug_abbrev  0x00000fd4      0x242 Drivers/STM32F1xx_HAL_Driver/Src/stm32f1xx_ll_usb.o
 .debug_abbrev  0x00001216      0x320 Middlewares/ST/STM32_USB_Host_Library/Class/AUDIO/Src/usbh_audio.o
 .debug_abbrev  0x00001536      0x2ed Middlewares/ST/STM32_USB_Host_Library/Class/CDC/Src/usbh_cdc.o
 .debug_abbrev  0x00001823      0x368 Middlewares/ST/STM32_USB_Host_Library/Class/HID/Src/usbh_hid.o
 .debug_abbrev  0x00001b8b      0x282 Middlewares/ST/STM32_USB_Host_Library/Class/HID/Src/usbh_hid_keybd.o
 .debug_abbrev  0x00001e0d      0x264 Middlewares/ST/STM32_USB_Host_Library/Class/HID/Src/usbh_hid_mouse.o
 .debug_abbrev  0x00002071       0xd8 Middlewares/ST/STM32_USB_Host_Library/Class/HID/Src/usbh_hid_parser.o
 .debug_abbrev  0x00002149      0x304 Middlewares/ST/STM32_USB_Host_Library/Class/MSC/Src/usbh_msc.o
 .debug_abbrev  0x0000244d      0x2a5 Middlewares/ST/STM32_USB_Host_Library/Class/MSC/Src/usbh_msc_bot.o
 .debug_abbrev  0x000026f2      0x2b6 Middlewares/ST/STM32_USB_Host_Library/Class/MSC/Src/usbh_msc_scsi.o
 .debug_abbrev  0x000029a8      0x3ca Middlewares/ST/STM32_USB_Host_Library/Class/MTP/Src/usbh_mtp.o
 .debug_abbrev  0x00002d72      0x3a3 Middlewares/ST/STM32_USB_Host_Library/Class/MTP/Src/usbh_mtp_ptp.o
 .debug_abbrev  0x00003115      0x316 Middlewares/ST/STM32_USB_Host_Library/Core/Src/usbh_core.o
 .debug_abbrev  0x0000342b      0x2db Middlewares/ST/STM32_USB_Host_Library/Core/Src/usbh_ctlreq.o
 .debug_abbrev  0x00003706      0x20c Middlewares/ST/STM32_USB_Host_Library/Core/Src/usbh_ioreq.o
 .debug_abbrev  0x00003912      0x246 Middlewares/ST/STM32_USB_Host_Library/Core/Src/usbh_pipes.o
 .debug_abbrev  0x00003b58      0x452 Src/main.o
 .debug_abbrev  0x00003faa      0x18f Src/stm32f1xx_hal_msp.o
 .debug_abbrev  0x00004139      0x1a5 Src/stm32f1xx_it.o
 .debug_abbrev  0x000042de      0x104 Src/system_stm32f1xx.o
 .debug_abbrev  0x000043e2      0x25c Src/usb_host.o
 .debug_abbrev  0x0000463e      0x33e Src/usbh_conf.o
 .debug_abbrev  0x0000497c       0x12 startup/startup_stm32f105xc.o

.debug_loc      0x00000000     0xf357
 .debug_loc     0x00000000       0x81 Drivers/STM32F1xx_HAL_Driver/Src/stm32f1xx_hal.o
 .debug_loc     0x00000081      0x527 Drivers/STM32F1xx_HAL_Driver/Src/stm32f1xx_hal_cortex.o
 .debug_loc     0x000005a8      0x377 Drivers/STM32F1xx_HAL_Driver/Src/stm32f1xx_hal_gpio.o
 .debug_loc     0x0000091f      0xa16 Drivers/STM32F1xx_HAL_Driver/Src/stm32f1xx_hal_hcd.o
 .debug_loc     0x00001335      0xacb Drivers/STM32F1xx_HAL_Driver/Src/stm32f1xx_hal_rcc.o
 .debug_loc     0x00001e00      0x968 Drivers/STM32F1xx_HAL_Driver/Src/stm32f1xx_hal_rcc_ex.o
 .debug_loc     0x00002768     0x1009 Drivers/STM32F1xx_HAL_Driver/Src/stm32f1xx_hal_uart.o
 .debug_loc     0x00003771     0x116f Drivers/STM32F1xx_HAL_Driver/Src/stm32f1xx_ll_usb.o
 .debug_loc     0x000048e0     0x25b6 Middlewares/ST/STM32_USB_Host_Library/Class/AUDIO/Src/usbh_audio.o
 .debug_loc     0x00006e96      0x651 Middlewares/ST/STM32_USB_Host_Library/Class/CDC/Src/usbh_cdc.o
 .debug_loc     0x000074e7      0x6b3 Middlewares/ST/STM32_USB_Host_Library/Class/HID/Src/usbh_hid.o
 .debug_loc     0x00007b9a      0x15c Middlewares/ST/STM32_USB_Host_Library/Class/HID/Src/usbh_hid_keybd.o
 .debug_loc     0x00007cf6       0xbb Middlewares/ST/STM32_USB_Host_Library/Class/HID/Src/usbh_hid_mouse.o
 .debug_loc     0x00007db1      0x322 Middlewares/ST/STM32_USB_Host_Library/Class/HID/Src/usbh_hid_parser.o
 .debug_loc     0x000080d3      0xa00 Middlewares/ST/STM32_USB_Host_Library/Class/MSC/Src/usbh_msc.o
 .debug_loc     0x00008ad3      0x63a Middlewares/ST/STM32_USB_Host_Library/Class/MSC/Src/usbh_msc_bot.o
 .debug_loc     0x0000910d      0x7d0 Middlewares/ST/STM32_USB_Host_Library/Class/MSC/Src/usbh_msc_scsi.o
 .debug_loc     0x000098dd      0xffb Middlewares/ST/STM32_USB_Host_Library/Class/MTP/Src/usbh_mtp.o
 .debug_loc     0x0000a8d8     0x217a Middlewares/ST/STM32_USB_Host_Library/Class/MTP/Src/usbh_mtp_ptp.o
 .debug_loc     0x0000ca52      0x775 Middlewares/ST/STM32_USB_Host_Library/Core/Src/usbh_core.o
 .debug_loc     0x0000d1c7      0xad6 Middlewares/ST/STM32_USB_Host_Library/Core/Src/usbh_ctlreq.o
 .debug_loc     0x0000dc9d      0x50f Middlewares/ST/STM32_USB_Host_Library/Core/Src/usbh_ioreq.o
 .debug_loc     0x0000e1ac      0x1cc Middlewares/ST/STM32_USB_Host_Library/Core/Src/usbh_pipes.o
 .debug_loc     0x0000e378      0x63c Src/main.o
 .debug_loc     0x0000e9b4       0x4d Src/stm32f1xx_hal_msp.o
 .debug_loc     0x0000ea01      0x1a1 Src/system_stm32f1xx.o
 .debug_loc     0x0000eba2      0x7b5 Src/usbh_conf.o

.debug_aranges  0x00000000     0x10b8
 .debug_aranges
                0x00000000       0xb0 Drivers/STM32F1xx_HAL_Driver/Src/stm32f1xx_hal.o
 .debug_aranges
                0x000000b0       0x90 Drivers/STM32F1xx_HAL_Driver/Src/stm32f1xx_hal_cortex.o
 .debug_aranges
                0x00000140       0x58 Drivers/STM32F1xx_HAL_Driver/Src/stm32f1xx_hal_gpio.o
 .debug_aranges
                0x00000198       0xe0 Drivers/STM32F1xx_HAL_Driver/Src/stm32f1xx_hal_hcd.o
 .debug_aranges
                0x00000278       0x88 Drivers/STM32F1xx_HAL_Driver/Src/stm32f1xx_hal_rcc.o
 .debug_aranges
                0x00000300       0x50 Drivers/STM32F1xx_HAL_Driver/Src/stm32f1xx_hal_rcc_ex.o
 .debug_aranges
                0x00000350      0x150 Drivers/STM32F1xx_HAL_Driver/Src/stm32f1xx_hal_uart.o
 .debug_aranges
                0x000004a0      0x180 Drivers/STM32F1xx_HAL_Driver/Src/stm32f1xx_ll_usb.o
 .debug_aranges
                0x00000620      0x138 Middlewares/ST/STM32_USB_Host_Library/Class/AUDIO/Src/usbh_audio.o
 .debug_aranges
                0x00000758       0xa8 Middlewares/ST/STM32_USB_Host_Library/Class/CDC/Src/usbh_cdc.o
 .debug_aranges
                0x00000800       0xa8 Middlewares/ST/STM32_USB_Host_Library/Class/HID/Src/usbh_hid.o
 .debug_aranges
                0x000008a8       0x38 Middlewares/ST/STM32_USB_Host_Library/Class/HID/Src/usbh_hid_keybd.o
 .debug_aranges
                0x000008e0       0x30 Middlewares/ST/STM32_USB_Host_Library/Class/HID/Src/usbh_hid_mouse.o
 .debug_aranges
                0x00000910       0x28 Middlewares/ST/STM32_USB_Host_Library/Class/HID/Src/usbh_hid_parser.o
 .debug_aranges
                0x00000938       0x78 Middlewares/ST/STM32_USB_Host_Library/Class/MSC/Src/usbh_msc.o
 .debug_aranges
                0x000009b0       0x48 Middlewares/ST/STM32_USB_Host_Library/Class/MSC/Src/usbh_msc_bot.o
 .debug_aranges
                0x000009f8       0x48 Middlewares/ST/STM32_USB_Host_Library/Class/MSC/Src/usbh_msc_scsi.o
 .debug_aranges
                0x00000a40       0xe8 Middlewares/ST/STM32_USB_Host_Library/Class/MTP/Src/usbh_mtp.o
 .debug_aranges
                0x00000b28      0x108 Middlewares/ST/STM32_USB_Host_Library/Class/MTP/Src/usbh_mtp_ptp.o
 .debug_aranges
                0x00000c30       0xa8 Middlewares/ST/STM32_USB_Host_Library/Core/Src/usbh_core.o
 .debug_aranges
                0x00000cd8       0x98 Middlewares/ST/STM32_USB_Host_Library/Core/Src/usbh_ctlreq.o
 .debug_aranges
                0x00000d70       0x60 Middlewares/ST/STM32_USB_Host_Library/Core/Src/usbh_ioreq.o
 .debug_aranges
                0x00000dd0       0x40 Middlewares/ST/STM32_USB_Host_Library/Core/Src/usbh_pipes.o
 .debug_aranges
                0x00000e10       0xc0 Src/main.o
 .debug_aranges
                0x00000ed0       0x30 Src/stm32f1xx_hal_msp.o
 .debug_aranges
                0x00000f00       0x68 Src/stm32f1xx_it.o
 .debug_aranges
                0x00000f68       0x28 Src/system_stm32f1xx.o
 .debug_aranges
                0x00000f90       0x40 Src/usb_host.o
 .debug_aranges
                0x00000fd0       0xc0 Src/usbh_conf.o
 .debug_aranges
                0x00001090       0x28 startup/startup_stm32f105xc.o

.debug_ranges   0x00000000      0xfa0
 .debug_ranges  0x00000000       0xa0 Drivers/STM32F1xx_HAL_Driver/Src/stm32f1xx_hal.o
 .debug_ranges  0x000000a0       0x80 Drivers/STM32F1xx_HAL_Driver/Src/stm32f1xx_hal_cortex.o
 .debug_ranges  0x00000120       0x48 Drivers/STM32F1xx_HAL_Driver/Src/stm32f1xx_hal_gpio.o
 .debug_ranges  0x00000168       0xd0 Drivers/STM32F1xx_HAL_Driver/Src/stm32f1xx_hal_hcd.o
 .debug_ranges  0x00000238       0x78 Drivers/STM32F1xx_HAL_Driver/Src/stm32f1xx_hal_rcc.o
 .debug_ranges  0x000002b0       0x40 Drivers/STM32F1xx_HAL_Driver/Src/stm32f1xx_hal_rcc_ex.o
 .debug_ranges  0x000002f0      0x140 Drivers/STM32F1xx_HAL_Driver/Src/stm32f1xx_hal_uart.o
 .debug_ranges  0x00000430      0x170 Drivers/STM32F1xx_HAL_Driver/Src/stm32f1xx_ll_usb.o
 .debug_ranges  0x000005a0      0x128 Middlewares/ST/STM32_USB_Host_Library/Class/AUDIO/Src/usbh_audio.o
 .debug_ranges  0x000006c8       0x98 Middlewares/ST/STM32_USB_Host_Library/Class/CDC/Src/usbh_cdc.o
 .debug_ranges  0x00000760       0x98 Middlewares/ST/STM32_USB_Host_Library/Class/HID/Src/usbh_hid.o
 .debug_ranges  0x000007f8       0x28 Middlewares/ST/STM32_USB_Host_Library/Class/HID/Src/usbh_hid_keybd.o
 .debug_ranges  0x00000820       0x20 Middlewares/ST/STM32_USB_Host_Library/Class/HID/Src/usbh_hid_mouse.o
 .debug_ranges  0x00000840       0x18 Middlewares/ST/STM32_USB_Host_Library/Class/HID/Src/usbh_hid_parser.o
 .debug_ranges  0x00000858       0x68 Middlewares/ST/STM32_USB_Host_Library/Class/MSC/Src/usbh_msc.o
 .debug_ranges  0x000008c0       0x38 Middlewares/ST/STM32_USB_Host_Library/Class/MSC/Src/usbh_msc_bot.o
 .debug_ranges  0x000008f8       0x38 Middlewares/ST/STM32_USB_Host_Library/Class/MSC/Src/usbh_msc_scsi.o
 .debug_ranges  0x00000930       0xd8 Middlewares/ST/STM32_USB_Host_Library/Class/MTP/Src/usbh_mtp.o
 .debug_ranges  0x00000a08       0xf8 Middlewares/ST/STM32_USB_Host_Library/Class/MTP/Src/usbh_mtp_ptp.o
 .debug_ranges  0x00000b00       0x98 Middlewares/ST/STM32_USB_Host_Library/Core/Src/usbh_core.o
 .debug_ranges  0x00000b98       0x88 Middlewares/ST/STM32_USB_Host_Library/Core/Src/usbh_ctlreq.o
 .debug_ranges  0x00000c20       0x50 Middlewares/ST/STM32_USB_Host_Library/Core/Src/usbh_ioreq.o
 .debug_ranges  0x00000c70       0x30 Middlewares/ST/STM32_USB_Host_Library/Core/Src/usbh_pipes.o
 .debug_ranges  0x00000ca0      0x170 Src/main.o
 .debug_ranges  0x00000e10       0x20 Src/stm32f1xx_hal_msp.o
 .debug_ranges  0x00000e30       0x58 Src/stm32f1xx_it.o
 .debug_ranges  0x00000e88       0x18 Src/system_stm32f1xx.o
 .debug_ranges  0x00000ea0       0x30 Src/usb_host.o
 .debug_ranges  0x00000ed0       0xb0 Src/usbh_conf.o
 .debug_ranges  0x00000f80       0x20 startup/startup_stm32f105xc.o

.debug_macro    0x00000000    0x26817
 .debug_macro   0x00000000      0x303 Drivers/STM32F1xx_HAL_Driver/Src/stm32f1xx_hal.o
 .debug_macro   0x00000303      0x880 Drivers/STM32F1xx_HAL_Driver/Src/stm32f1xx_hal.o
 .debug_macro   0x00000b83       0x22 Drivers/STM32F1xx_HAL_Driver/Src/stm32f1xx_hal.o
 .debug_macro   0x00000ba5       0x87 Drivers/STM32F1xx_HAL_Driver/Src/stm32f1xx_hal.o
 .debug_macro   0x00000c2c       0x44 Drivers/STM32F1xx_HAL_Driver/Src/stm32f1xx_hal.o
 .debug_macro   0x00000c70       0xfd Drivers/STM32F1xx_HAL_Driver/Src/stm32f1xx_hal.o
 .debug_macro   0x00000d6d       0x5e Drivers/STM32F1xx_HAL_Driver/Src/stm32f1xx_hal.o
 .debug_macro   0x00000dcb      0x1df Drivers/STM32F1xx_HAL_Driver/Src/stm32f1xx_hal.o
 .debug_macro   0x00000faa       0x22 Drivers/STM32F1xx_HAL_Driver/Src/stm32f1xx_hal.o
 .debug_macro   0x00000fcc      0x161 Drivers/STM32F1xx_HAL_Driver/Src/stm32f1xx_hal.o
 .debug_macro   0x0000112d       0x2e Drivers/STM32F1xx_HAL_Driver/Src/stm32f1xx_hal.o
 .debug_macro   0x0000115b       0x22 Drivers/STM32F1xx_HAL_Driver/Src/stm32f1xx_hal.o
 .debug_macro   0x0000117d       0x3a Drivers/STM32F1xx_HAL_Driver/Src/stm32f1xx_hal.o
 .debug_macro   0x000011b7       0x34 Drivers/STM32F1xx_HAL_Driver/Src/stm32f1xx_hal.o
 .debug_macro   0x000011eb      0xb8e Drivers/STM32F1xx_HAL_Driver/Src/stm32f1xx_hal.o
 .debug_macro   0x00001d79    0x15a92 Drivers/STM32F1xx_HAL_Driver/Src/stm32f1xx_hal.o
 .debug_macro   0x0001780b       0x43 Drivers/STM32F1xx_HAL_Driver/Src/stm32f1xx_hal.o
 .debug_macro   0x0001784e     0x3383 Drivers/STM32F1xx_HAL_Driver/Src/stm32f1xx_hal.o
 .debug_macro   0x0001abd1       0x52 Drivers/STM32F1xx_HAL_Driver/Src/stm32f1xx_hal.o
 .debug_macro   0x0001ac23       0x35 Drivers/STM32F1xx_HAL_Driver/Src/stm32f1xx_hal.o
 .debug_macro   0x0001ac58       0x9c Drivers/STM32F1xx_HAL_Driver/Src/stm32f1xx_hal.o
 .debug_macro   0x0001acf4       0x16 Drivers/STM32F1xx_HAL_Driver/Src/stm32f1xx_hal.o
 .debug_macro   0x0001ad0a       0x97 Drivers/STM32F1xx_HAL_Driver/Src/stm32f1xx_hal.o
 .debug_macro   0x0001ada1      0x30d Drivers/STM32F1xx_HAL_Driver/Src/stm32f1xx_hal.o
 .debug_macro   0x0001b0ae       0xfd Drivers/STM32F1xx_HAL_Driver/Src/stm32f1xx_hal.o
 .debug_macro   0x0001b1ab       0x10 Drivers/STM32F1xx_HAL_Driver/Src/stm32f1xx_hal.o
 .debug_macro   0x0001b1bb       0x52 Drivers/STM32F1xx_HAL_Driver/Src/stm32f1xx_hal.o
 .debug_macro   0x0001b20d       0x1f Drivers/STM32F1xx_HAL_Driver/Src/stm32f1xx_hal.o
 .debug_macro   0x0001b22c       0x43 Drivers/STM32F1xx_HAL_Driver/Src/stm32f1xx_hal.o
 .debug_macro   0x0001b26f       0x20 Drivers/STM32F1xx_HAL_Driver/Src/stm32f1xx_hal.o
 .debug_macro   0x0001b28f      0x187 Drivers/STM32F1xx_HAL_Driver/Src/stm32f1xx_hal.o
 .debug_macro   0x0001b416       0x10 Drivers/STM32F1xx_HAL_Driver/Src/stm32f1xx_hal.o
 .debug_macro   0x0001b426       0x1c Drivers/STM32F1xx_HAL_Driver/Src/stm32f1xx_hal.o
 .debug_macro   0x0001b442       0x52 Drivers/STM32F1xx_HAL_Driver/Src/stm32f1xx_hal.o
 .debug_macro   0x0001b494       0x40 Drivers/STM32F1xx_HAL_Driver/Src/stm32f1xx_hal.o
 .debug_macro   0x0001b4d4       0x10 Drivers/STM32F1xx_HAL_Driver/Src/stm32f1xx_hal.o
 .debug_macro   0x0001b4e4       0x40 Drivers/STM32F1xx_HAL_Driver/Src/stm32f1xx_hal.o
 .debug_macro   0x0001b524       0xd7 Drivers/STM32F1xx_HAL_Driver/Src/stm32f1xx_hal.o
 .debug_macro   0x0001b5fb       0x16 Drivers/STM32F1xx_HAL_Driver/Src/stm32f1xx_hal.o
 .debug_macro   0x0001b611      0x18b Drivers/STM32F1xx_HAL_Driver/Src/stm32f1xx_hal.o
 .debug_macro   0x0001b79c       0x50 Drivers/STM32F1xx_HAL_Driver/Src/stm32f1xx_hal.o
 .debug_macro   0x0001b7ec      0x778 Drivers/STM32F1xx_HAL_Driver/Src/stm32f1xx_hal.o
 .debug_macro   0x0001bf64      0x649 Drivers/STM32F1xx_HAL_Driver/Src/stm32f1xx_hal.o
 .debug_macro   0x0001c5ad      0x141 Drivers/STM32F1xx_HAL_Driver/Src/stm32f1xx_hal.o
 .debug_macro   0x0001c6ee      0x1f9 Drivers/STM32F1xx_HAL_Driver/Src/stm32f1xx_hal.o
 .debug_macro   0x0001c8e7      0x1ae Drivers/STM32F1xx_HAL_Driver/Src/stm32f1xx_hal.o
 .debug_macro   0x0001ca95       0x2a Drivers/STM32F1xx_HAL_Driver/Src/stm32f1xx_hal.o
 .debug_macro   0x0001cabf       0x3c Drivers/STM32F1xx_HAL_Driver/Src/stm32f1xx_hal.o
 .debug_macro   0x0001cafb       0x57 Drivers/STM32F1xx_HAL_Driver/Src/stm32f1xx_hal.o
 .debug_macro   0x0001cb52       0x8c Drivers/STM32F1xx_HAL_Driver/Src/stm32f1xx_hal.o
 .debug_macro   0x0001cbde      0x250 Drivers/STM32F1xx_HAL_Driver/Src/stm32f1xx_hal.o
 .debug_macro   0x0001ce2e      0x143 Drivers/STM32F1xx_HAL_Driver/Src/stm32f1xx_hal.o
 .debug_macro   0x0001cf71      0x256 Drivers/STM32F1xx_HAL_Driver/Src/stm32f1xx_hal.o
 .debug_macro   0x0001d1c7      0x1c3 Drivers/STM32F1xx_HAL_Driver/Src/stm32f1xx_hal.o
 .debug_macro   0x0001d38a       0x5a Drivers/STM32F1xx_HAL_Driver/Src/stm32f1xx_hal.o
 .debug_macro   0x0001d3e4       0xd8 Drivers/STM32F1xx_HAL_Driver/Src/stm32f1xx_hal.o
 .debug_macro   0x0001d4bc      0x2df Drivers/STM32F1xx_HAL_Driver/Src/stm32f1xx_hal_cortex.o
 .debug_macro   0x0001d79b      0x34f Drivers/STM32F1xx_HAL_Driver/Src/stm32f1xx_hal_gpio.o
 .debug_macro   0x0001daea      0x2df Drivers/STM32F1xx_HAL_Driver/Src/stm32f1xx_hal_hcd.o
 .debug_macro   0x0001ddc9      0x303 Drivers/STM32F1xx_HAL_Driver/Src/stm32f1xx_hal_rcc.o
 .debug_macro   0x0001e0cc      0x2df Drivers/STM32F1xx_HAL_Driver/Src/stm32f1xx_hal_rcc_ex.o
 .debug_macro   0x0001e3ab      0x2e0 Drivers/STM32F1xx_HAL_Driver/Src/stm32f1xx_hal_uart.o
 .debug_macro   0x0001e68b      0x2e6 Drivers/STM32F1xx_HAL_Driver/Src/stm32f1xx_ll_usb.o
 .debug_macro   0x0001e971      0x38a Middlewares/ST/STM32_USB_Host_Library/Class/AUDIO/Src/usbh_audio.o
 .debug_macro   0x0001ecfb       0x4c Middlewares/ST/STM32_USB_Host_Library/Class/AUDIO/Src/usbh_audio.o
 .debug_macro   0x0001ed47       0x8d Middlewares/ST/STM32_USB_Host_Library/Class/AUDIO/Src/usbh_audio.o
 .debug_macro   0x0001edd4       0x4a Middlewares/ST/STM32_USB_Host_Library/Class/AUDIO/Src/usbh_audio.o
 .debug_macro   0x0001ee1e       0x16 Middlewares/ST/STM32_USB_Host_Library/Class/AUDIO/Src/usbh_audio.o
 .debug_macro   0x0001ee34       0x35 Middlewares/ST/STM32_USB_Host_Library/Class/AUDIO/Src/usbh_audio.o
 .debug_macro   0x0001ee69       0x16 Middlewares/ST/STM32_USB_Host_Library/Class/AUDIO/Src/usbh_audio.o
 .debug_macro   0x0001ee7f       0x29 Middlewares/ST/STM32_USB_Host_Library/Class/AUDIO/Src/usbh_audio.o
 .debug_macro   0x0001eea8       0x16 Middlewares/ST/STM32_USB_Host_Library/Class/AUDIO/Src/usbh_audio.o
 .debug_macro   0x0001eebe       0x34 Middlewares/ST/STM32_USB_Host_Library/Class/AUDIO/Src/usbh_audio.o
 .debug_macro   0x0001eef2       0x28 Middlewares/ST/STM32_USB_Host_Library/Class/AUDIO/Src/usbh_audio.o
 .debug_macro   0x0001ef1a       0x72 Middlewares/ST/STM32_USB_Host_Library/Class/AUDIO/Src/usbh_audio.o
 .debug_macro   0x0001ef8c      0x20c Middlewares/ST/STM32_USB_Host_Library/Class/AUDIO/Src/usbh_audio.o
 .debug_macro   0x0001f198       0x2e Middlewares/ST/STM32_USB_Host_Library/Class/AUDIO/Src/usbh_audio.o
 .debug_macro   0x0001f1c6       0x28 Middlewares/ST/STM32_USB_Host_Library/Class/AUDIO/Src/usbh_audio.o
 .debug_macro   0x0001f1ee       0x28 Middlewares/ST/STM32_USB_Host_Library/Class/AUDIO/Src/usbh_audio.o
 .debug_macro   0x0001f216      0x211 Middlewares/ST/STM32_USB_Host_Library/Class/AUDIO/Src/usbh_audio.o
 .debug_macro   0x0001f427      0x390 Middlewares/ST/STM32_USB_Host_Library/Class/CDC/Src/usbh_cdc.o
 .debug_macro   0x0001f7b7      0x160 Middlewares/ST/STM32_USB_Host_Library/Class/CDC/Src/usbh_cdc.o
 .debug_macro   0x0001f917      0x3be Middlewares/ST/STM32_USB_Host_Library/Class/HID/Src/usbh_hid.o
 .debug_macro   0x0001fcd5      0x5be Middlewares/ST/STM32_USB_Host_Library/Class/HID/Src/usbh_hid.o
 .debug_macro   0x00020293      0x12f Middlewares/ST/STM32_USB_Host_Library/Class/HID/Src/usbh_hid.o
 .debug_macro   0x000203c2      0x25c Middlewares/ST/STM32_USB_Host_Library/Class/HID/Src/usbh_hid.o
 .debug_macro   0x0002061e      0x3fa Middlewares/ST/STM32_USB_Host_Library/Class/HID/Src/usbh_hid_keybd.o
 .debug_macro   0x00020a18      0x3c2 Middlewares/ST/STM32_USB_Host_Library/Class/HID/Src/usbh_hid_mouse.o
 .debug_macro   0x00020dda      0x3be Middlewares/ST/STM32_USB_Host_Library/Class/HID/Src/usbh_hid_parser.o
 .debug_macro   0x00021198      0x3ae Middlewares/ST/STM32_USB_Host_Library/Class/MSC/Src/usbh_msc.o
 .debug_macro   0x00021546       0x6d Middlewares/ST/STM32_USB_Host_Library/Class/MSC/Src/usbh_msc.o
 .debug_macro   0x000215b3       0xf3 Middlewares/ST/STM32_USB_Host_Library/Class/MSC/Src/usbh_msc.o
 .debug_macro   0x000216a6       0x34 Middlewares/ST/STM32_USB_Host_Library/Class/MSC/Src/usbh_msc.o
 .debug_macro   0x000216da      0x3a6 Middlewares/ST/STM32_USB_Host_Library/Class/MSC/Src/usbh_msc_bot.o
 .debug_macro   0x00021a80      0x3ae Middlewares/ST/STM32_USB_Host_Library/Class/MSC/Src/usbh_msc_scsi.o
 .debug_macro   0x00021e2e      0x399 Middlewares/ST/STM32_USB_Host_Library/Class/MTP/Src/usbh_mtp.o
 .debug_macro   0x000221c7      0xd21 Middlewares/ST/STM32_USB_Host_Library/Class/MTP/Src/usbh_mtp.o
 .debug_macro   0x00022ee8       0x2c Middlewares/ST/STM32_USB_Host_Library/Class/MTP/Src/usbh_mtp.o
 .debug_macro   0x00022f14      0x39d Middlewares/ST/STM32_USB_Host_Library/Class/MTP/Src/usbh_mtp_ptp.o
 .debug_macro   0x000232b1      0x38d Middlewares/ST/STM32_USB_Host_Library/Core/Src/usbh_core.o
 .debug_macro   0x0002363e      0x385 Middlewares/ST/STM32_USB_Host_Library/Core/Src/usbh_ctlreq.o
 .debug_macro   0x000239c3       0x22 Middlewares/ST/STM32_USB_Host_Library/Core/Src/usbh_ctlreq.o
 .debug_macro   0x000239e5      0x37f Middlewares/ST/STM32_USB_Host_Library/Core/Src/usbh_ioreq.o
 .debug_macro   0x00023d64      0x37f Middlewares/ST/STM32_USB_Host_Library/Core/Src/usbh_pipes.o
 .debug_macro   0x000240e3      0x404 Src/main.o
 .debug_macro   0x000244e7      0x254 Src/main.o
 .debug_macro   0x0002473b      0x2df Src/stm32f1xx_hal_msp.o
 .debug_macro   0x00024a1a      0x2e9 Src/stm32f1xx_it.o
 .debug_macro   0x00024d03      0x2e5 Src/system_stm32f1xx.o
 .debug_macro   0x00024fe8      0x410 Src/usb_host.o
 .debug_macro   0x000253f8      0x217 Src/usb_host.o
 .debug_macro   0x0002560f      0x166 Src/usb_host.o
 .debug_macro   0x00025775      0xd27 Src/usb_host.o
 .debug_macro   0x0002649c      0x37b Src/usbh_conf.o
